Archive member included to satisfy reference by file (symbol)

c:/program files (x86)/gnu tools arm embedded/6 2017-q2-update/bin/../lib/gcc/arm-none-eabi/6.3.1/../../../../arm-none-eabi/lib/thumb/v7e-m\libm.a(lib_a-s_atan.o)
                              ..\obj\localization.o (atan)
c:/program files (x86)/gnu tools arm embedded/6 2017-q2-update/bin/../lib/gcc/arm-none-eabi/6.3.1/../../../../arm-none-eabi/lib/thumb/v7e-m\libm.a(lib_a-s_cos.o)
                              ..\obj\odometry.o (cos)
c:/program files (x86)/gnu tools arm embedded/6 2017-q2-update/bin/../lib/gcc/arm-none-eabi/6.3.1/../../../../arm-none-eabi/lib/thumb/v7e-m\libm.a(lib_a-s_fabs.o)
                              c:/program files (x86)/gnu tools arm embedded/6 2017-q2-update/bin/../lib/gcc/arm-none-eabi/6.3.1/../../../../arm-none-eabi/lib/thumb/v7e-m\libm.a(lib_a-s_atan.o) (fabs)
c:/program files (x86)/gnu tools arm embedded/6 2017-q2-update/bin/../lib/gcc/arm-none-eabi/6.3.1/../../../../arm-none-eabi/lib/thumb/v7e-m\libm.a(lib_a-s_sin.o)
                              ..\obj\odometry.o (sin)
c:/program files (x86)/gnu tools arm embedded/6 2017-q2-update/bin/../lib/gcc/arm-none-eabi/6.3.1/../../../../arm-none-eabi/lib/thumb/v7e-m\libm.a(lib_a-w_atan2.o)
                              ..\obj\speed_control.o (atan2)
c:/program files (x86)/gnu tools arm embedded/6 2017-q2-update/bin/../lib/gcc/arm-none-eabi/6.3.1/../../../../arm-none-eabi/lib/thumb/v7e-m\libm.a(lib_a-w_pow.o)
                              ..\obj\speed_control.o (pow)
c:/program files (x86)/gnu tools arm embedded/6 2017-q2-update/bin/../lib/gcc/arm-none-eabi/6.3.1/../../../../arm-none-eabi/lib/thumb/v7e-m\libm.a(lib_a-e_atan2.o)
                              c:/program files (x86)/gnu tools arm embedded/6 2017-q2-update/bin/../lib/gcc/arm-none-eabi/6.3.1/../../../../arm-none-eabi/lib/thumb/v7e-m\libm.a(lib_a-w_atan2.o) (__ieee754_atan2)
c:/program files (x86)/gnu tools arm embedded/6 2017-q2-update/bin/../lib/gcc/arm-none-eabi/6.3.1/../../../../arm-none-eabi/lib/thumb/v7e-m\libm.a(lib_a-e_pow.o)
                              c:/program files (x86)/gnu tools arm embedded/6 2017-q2-update/bin/../lib/gcc/arm-none-eabi/6.3.1/../../../../arm-none-eabi/lib/thumb/v7e-m\libm.a(lib_a-w_pow.o) (__ieee754_pow)
c:/program files (x86)/gnu tools arm embedded/6 2017-q2-update/bin/../lib/gcc/arm-none-eabi/6.3.1/../../../../arm-none-eabi/lib/thumb/v7e-m\libm.a(lib_a-e_rem_pio2.o)
                              c:/program files (x86)/gnu tools arm embedded/6 2017-q2-update/bin/../lib/gcc/arm-none-eabi/6.3.1/../../../../arm-none-eabi/lib/thumb/v7e-m\libm.a(lib_a-s_cos.o) (__ieee754_rem_pio2)
c:/program files (x86)/gnu tools arm embedded/6 2017-q2-update/bin/../lib/gcc/arm-none-eabi/6.3.1/../../../../arm-none-eabi/lib/thumb/v7e-m\libm.a(lib_a-e_sqrt.o)
                              c:/program files (x86)/gnu tools arm embedded/6 2017-q2-update/bin/../lib/gcc/arm-none-eabi/6.3.1/../../../../arm-none-eabi/lib/thumb/v7e-m\libm.a(lib_a-e_pow.o) (__ieee754_sqrt)
c:/program files (x86)/gnu tools arm embedded/6 2017-q2-update/bin/../lib/gcc/arm-none-eabi/6.3.1/../../../../arm-none-eabi/lib/thumb/v7e-m\libm.a(lib_a-k_cos.o)
                              c:/program files (x86)/gnu tools arm embedded/6 2017-q2-update/bin/../lib/gcc/arm-none-eabi/6.3.1/../../../../arm-none-eabi/lib/thumb/v7e-m\libm.a(lib_a-s_cos.o) (__kernel_cos)
c:/program files (x86)/gnu tools arm embedded/6 2017-q2-update/bin/../lib/gcc/arm-none-eabi/6.3.1/../../../../arm-none-eabi/lib/thumb/v7e-m\libm.a(lib_a-k_rem_pio2.o)
                              c:/program files (x86)/gnu tools arm embedded/6 2017-q2-update/bin/../lib/gcc/arm-none-eabi/6.3.1/../../../../arm-none-eabi/lib/thumb/v7e-m\libm.a(lib_a-e_rem_pio2.o) (__kernel_rem_pio2)
c:/program files (x86)/gnu tools arm embedded/6 2017-q2-update/bin/../lib/gcc/arm-none-eabi/6.3.1/../../../../arm-none-eabi/lib/thumb/v7e-m\libm.a(lib_a-k_sin.o)
                              c:/program files (x86)/gnu tools arm embedded/6 2017-q2-update/bin/../lib/gcc/arm-none-eabi/6.3.1/../../../../arm-none-eabi/lib/thumb/v7e-m\libm.a(lib_a-s_cos.o) (__kernel_sin)
c:/program files (x86)/gnu tools arm embedded/6 2017-q2-update/bin/../lib/gcc/arm-none-eabi/6.3.1/../../../../arm-none-eabi/lib/thumb/v7e-m\libm.a(lib_a-s_finite.o)
                              c:/program files (x86)/gnu tools arm embedded/6 2017-q2-update/bin/../lib/gcc/arm-none-eabi/6.3.1/../../../../arm-none-eabi/lib/thumb/v7e-m\libm.a(lib_a-w_pow.o) (finite)
c:/program files (x86)/gnu tools arm embedded/6 2017-q2-update/bin/../lib/gcc/arm-none-eabi/6.3.1/../../../../arm-none-eabi/lib/thumb/v7e-m\libm.a(lib_a-s_floor.o)
                              c:/program files (x86)/gnu tools arm embedded/6 2017-q2-update/bin/../lib/gcc/arm-none-eabi/6.3.1/../../../../arm-none-eabi/lib/thumb/v7e-m\libm.a(lib_a-k_rem_pio2.o) (floor)
[...]
Memory Configuration

Name             Origin             Length             Attributes
rom              0x08000000         0x00100000         xr
ram              0x20000000         0x00020000         xrw
ram1             0x10000000         0x00010000         xrw
*default*        0x00000000         0xffffffff

Linker script and memory map

                0x20020000                _eram = 0x20020000

.text           0x08000000     0x5428
 *(.isr_vector)
 .isr_vector    0x08000000      0x188 ..\obj\startup_stm32f4xx.o
                0x08000000                g_pfnVectors
 *(.text*)
 .text.USART2_IRQHandler
                0x08000188      0x150 ..\obj\uart_node.o
                0x08000188                USART2_IRQHandler
 .text.USART_ReceiveData
                0x080002d8       0x1e ..\obj\stm32f4xx_usart.o
                0x080002d8                USART_ReceiveData
 .text.USART_GetITStatus
                0x080002f6       0xb4 ..\obj\stm32f4xx_usart.o
                0x080002f6                USART_GetITStatus
 *fill*         0x080003aa        0x2 
 .text.Default_Reset_Handler
                0x080003ac       0x60 ..\obj\startup_stm32f4xx.o
                0x080003ac                Default_Reset_Handler
                0x080003ac                Reset_Handler
 .text.Default_Handler
                0x0800040c        0x6 ..\obj\startup_stm32f4xx.o
                0x0800040c                RTC_Alarm_IRQHandler
                0x0800040c                HASH_RNG_IRQHandler
                0x0800040c                TIM8_CC_IRQHandler
                0x0800040c                DebugMon_Handler
                0x0800040c                TIM1_CC_IRQHandler
                0x0800040c                DMA2_Stream5_IRQHandler
                0x0800040c                HardFault_Handler
                0x0800040c                DMA1_Stream5_IRQHandler
                0x0800040c                PVD_IRQHandler
                0x0800040c                SDIO_IRQHandler
                0x0800040c                TAMP_STAMP_IRQHandler
                0x0800040c                PendSV_Handler
                0x0800040c                NMI_Handler
                0x0800040c                CAN2_RX1_IRQHandler
                0x0800040c                TIM8_TRG_COM_TIM14_IRQHandler
                0x0800040c                TIM1_UP_TIM10_IRQHandler
                0x0800040c                TIM8_UP_TIM13_IRQHandler
                0x0800040c                I2C3_ER_IRQHandler
                0x0800040c                I2C2_EV_IRQHandler
                0x0800040c                DMA1_Stream2_IRQHandler
                0x0800040c                CAN1_RX0_IRQHandler
                0x0800040c                FPU_IRQHandler
                0x0800040c                OTG_HS_WKUP_IRQHandler
                0x0800040c                UsageFault_Handler
                0x0800040c                CAN2_SCE_IRQHandler
                0x0800040c                DMA2_Stream2_IRQHandler
                0x0800040c                SPI1_IRQHandler
                0x0800040c                TIM6_DAC_IRQHandler
                0x0800040c                TIM1_BRK_TIM9_IRQHandler
                0x0800040c                DCMI_IRQHandler
                0x0800040c                CAN2_RX0_IRQHandler
                0x0800040c                DMA2_Stream3_IRQHandler
                0x0800040c                USART6_IRQHandler
                0x0800040c                CRYP_IRQHandler
                0x0800040c                CAN1_RX1_IRQHandler
                0x0800040c                UART5_IRQHandler
                0x0800040c                DMA2_Stream0_IRQHandler
                0x0800040c                TIM4_IRQHandler
                0x0800040c                I2C1_EV_IRQHandler
                0x0800040c                DMA1_Stream6_IRQHandler
                0x0800040c                DMA1_Stream1_IRQHandler
                0x0800040c                UART4_IRQHandler
                0x0800040c                TIM3_IRQHandler
                0x0800040c                RCC_IRQHandler
                0x0800040c                TIM8_BRK_TIM12_IRQHandler
                0x0800040c                EXTI15_10_IRQHandler
                0x0800040c                ADC_IRQHandler
                0x0800040c                DMA1_Stream7_IRQHandler
                0x0800040c                TIM7_IRQHandler
                0x0800040c                CAN2_TX_IRQHandler
                0x0800040c                DMA2_Stream7_IRQHandler
                0x0800040c                I2C3_EV_IRQHandler
                0x0800040c                RTC_WKUP_IRQHandler
                0x0800040c                ETH_WKUP_IRQHandler
                0x0800040c                SPI2_IRQHandler
                0x0800040c                OTG_HS_EP1_IN_IRQHandler
                0x0800040c                MemManage_Handler
                0x0800040c                DMA1_Stream0_IRQHandler
                0x0800040c                CAN1_TX_IRQHandler
                0x0800040c                SVC_Handler
                0x0800040c                FSMC_IRQHandler
                0x0800040c                ETH_IRQHandler
                0x0800040c                OTG_HS_EP1_OUT_IRQHandler
                0x0800040c                WWDG_IRQHandler
                0x0800040c                OTG_FS_WKUP_IRQHandler
                0x0800040c                TIM1_TRG_COM_TIM11_IRQHandler
                0x0800040c                OTG_HS_IRQHandler
                0x0800040c                I2C2_ER_IRQHandler
                0x0800040c                DMA2_Stream1_IRQHandler
                0x0800040c                CAN1_SCE_IRQHandler
                0x0800040c                FLASH_IRQHandler
                0x0800040c                DMA2_Stream4_IRQHandler
                0x0800040c                BusFault_Handler
                0x0800040c                USART1_IRQHandler
                0x0800040c                OTG_FS_IRQHandler
                0x0800040c                SPI3_IRQHandler
                0x0800040c                DMA1_Stream4_IRQHandler
                0x0800040c                I2C1_ER_IRQHandler
                0x0800040c                DMA2_Stream6_IRQHandler
                0x0800040c                DMA1_Stream3_IRQHandler
 *fill*         0x08000412        0x2 
 .text.motorDC  0x08000414      0x138 ..\obj\pwm_motor.o
                0x08000414                motorDC
 .text.main     0x0800054c      0x164 ..\obj\main.o
                0x0800054c                main
 .text.RCC_HSEConfig
                0x080006b0       0x24 ..\obj\stm32f4xx_rcc.o
                0x080006b0                RCC_HSEConfig
 .text.RCC_WaitForHSEStartUp
                0x080006d4       0x50 ..\obj\stm32f4xx_rcc.o
                0x080006d4                RCC_WaitForHSEStartUp
 .text.RCC_AHB1PeriphClockCmd
                0x08000724       0x3c ..\obj\stm32f4xx_rcc.o
                0x08000724                RCC_AHB1PeriphClockCmd
 .text.RCC_GetFlagStatus
                0x08000760       0x74 ..\obj\stm32f4xx_rcc.o
                0x08000760                RCC_GetFlagStatus
 .text.PutChar  0x080007d4       0x1e ..\obj\printf.o
                0x080007d4                PutChar
 .text.PutString
                0x080007f2       0x3a ..\obj\printf.o
                0x080007f2                PutString
 .text.PutUnsignedInt
                0x0800082c       0x9c ..\obj\printf.o
                0x0800082c                PutUnsignedInt
 .text.PutSignedInt
                0x080008c8       0xf8 ..\obj\printf.o
                0x080008c8                PutSignedInt
 .text.PutHexa  0x080009c0       0xd4 ..\obj\printf.o
                0x080009c0                PutHexa
 .text.vsnprintf
                0x08000a94      0x254 ..\obj\printf.o
                0x08000a94                vsnprintf
 .text.vsprintf
                0x08000ce8       0x22 ..\obj\printf.o
                0x08000ce8                vsprintf
 .text.sprintf  0x08000d0a       0x2c ..\obj\printf.o
                0x08000d0a                sprintf
 *fill*         0x08000d36        0x2 
 .text.TM_RE_Get
                0x08000d38       0x78 ..\obj\tm_stm32f4_rotary_encoder.o
                0x08000d38                TM_RE_Get
 .text.SecondGet
                0x08000db0       0x78 ..\obj\tm_stm32f4_rotary_encoder.o
                0x08000db0                SecondGet
 .text.ThirdGet
                0x08000e28       0x78 ..\obj\tm_stm32f4_rotary_encoder.o
                0x08000e28                ThirdGet
 .text.FourthGet
                0x08000ea0       0x78 ..\obj\tm_stm32f4_rotary_encoder.o
                0x08000ea0                FourthGet
 .text.TM_RE_Process
                0x08000f18       0x68 ..\obj\tm_stm32f4_rotary_encoder.o
                0x08000f18                TM_RE_Process
 .text.SecondProcess
                0x08000f80       0x68 ..\obj\tm_stm32f4_rotary_encoder.o
                0x08000f80                SecondProcess
 .text.ThirdProcess
                0x08000fe8       0x68 ..\obj\tm_stm32f4_rotary_encoder.o
                0x08000fe8                ThirdProcess
 .text.FourthProcess
                0x08001050       0x68 ..\obj\tm_stm32f4_rotary_encoder.o
                0x08001050                FourthProcess
 .text.FifthProcess
                0x080010b8       0x68 ..\obj\tm_stm32f4_rotary_encoder.o
                0x080010b8                FifthProcess
 .text.SixthProcess
                0x08001120       0x68 ..\obj\tm_stm32f4_rotary_encoder.o
                0x08001120                SixthProcess
 .text.EXTI0_IRQHandler
                0x08001188       0x1e ..\obj\tm_stm32f4_rotary_encoder.o
                0x08001188                EXTI0_IRQHandler
 .text.EXTI1_IRQHandler
                0x080011a6       0x1e ..\obj\tm_stm32f4_rotary_encoder.o
                0x080011a6                EXTI1_IRQHandler
 .text.EXTI2_IRQHandler
                0x080011c4       0x1e ..\obj\tm_stm32f4_rotary_encoder.o
                0x080011c4                EXTI2_IRQHandler
 .text.EXTI3_IRQHandler
                0x080011e2       0x1e ..\obj\tm_stm32f4_rotary_encoder.o
                0x080011e2                EXTI3_IRQHandler
 .text.EXTI4_IRQHandler
                0x08001200       0x1e ..\obj\tm_stm32f4_rotary_encoder.o
                0x08001200                EXTI4_IRQHandler
 .text.EXTI9_5_IRQHandler
                0x0800121e       0x1e ..\obj\tm_stm32f4_rotary_encoder.o
                0x0800121e                EXTI9_5_IRQHandler
 .text.NVIC_SetPriority
                0x0800123c       0x54 ..\obj\tm_stm32f4_delay.o
 .text.SysTick_Config
                0x08001290       0x44 ..\obj\tm_stm32f4_delay.o
 .text.Delayms  0x080012d4       0x30 ..\obj\tm_stm32f4_delay.o
                0x080012d4                Delayms
 .text.SysTick_Handler
                0x08001304       0x48 ..\obj\tm_stm32f4_delay.o
                0x08001304                SysTick_Handler
 .text.TM_DELAY_Init
                0x0800134c       0x50 ..\obj\tm_stm32f4_delay.o
                0x0800134c                TM_DELAY_Init
 .text.GPIO_Init
                0x0800139c      0x11a ..\obj\stm32f4xx_gpio.o
                0x0800139c                GPIO_Init
 .text.GPIO_ReadInputDataBit
                0x080014b6       0x32 ..\obj\stm32f4xx_gpio.o
                0x080014b6                GPIO_ReadInputDataBit
 .text.GPIO_SetBits
                0x080014e8       0x1c ..\obj\stm32f4xx_gpio.o
                0x080014e8                GPIO_SetBits
 .text.GPIO_ResetBits
                0x08001504       0x1c ..\obj\stm32f4xx_gpio.o
                0x08001504                GPIO_ResetBits
 .text.init_proximity
                0x08001520       0x74 ..\obj\mekanisme_penendang.o
                0x08001520                init_proximity
 .text.extenderLeft
                0x08001594       0x18 ..\obj\mekanisme_penendang.o
                0x08001594                extenderLeft
 .text.extenderRight
                0x080015ac       0x18 ..\obj\mekanisme_penendang.o
                0x080015ac                extenderRight
 .text.extenderUp
                0x080015c4       0x18 ..\obj\mekanisme_penendang.o
                0x080015c4                extenderUp
 .text.extenderOff
                0x080015dc       0x2c ..\obj\mekanisme_penendang.o
                0x080015dc                extenderOff
 .text.testExtender
                0x08001608       0x18 ..\obj\mekanisme_penendang.o
                0x08001608                testExtender
 .text.lcd_clear
                0x08001620       0x16 ..\obj\lcd_16x2.o
                0x08001620                lcd_clear
 .text.lcd_putsf
                0x08001636       0x3e ..\obj\lcd_16x2.o
                0x08001636                lcd_putsf
 .text.P_LCD_2x16_PinLo
                0x08001674       0x40 ..\obj\lcd_16x2.o
                0x08001674                P_LCD_2x16_PinLo
 .text.P_LCD_2x16_PinHi
                0x080016b4       0x40 ..\obj\lcd_16x2.o
                0x080016b4                P_LCD_2x16_PinHi
 .text.P_LCD_2x16_Clk
                0x080016f4       0x24 ..\obj\lcd_16x2.o
                0x080016f4                P_LCD_2x16_Clk
 .text.P_LCD_2x16_Cmd
                0x08001718       0xde ..\obj\lcd_16x2.o
                0x08001718                P_LCD_2x16_Cmd
 .text.P_LCD_2x16_Data
                0x080017f6       0xde ..\obj\lcd_16x2.o
                0x080017f6                P_LCD_2x16_Data
 .text.lcd_gotoxy
                0x080018d4       0x4a ..\obj\lcd_16x2.o
                0x080018d4                lcd_gotoxy
 .text.P_LCD_2x16_Delay
                0x0800191e       0x1e ..\obj\lcd_16x2.o
                0x0800191e                P_LCD_2x16_Delay
 .text.SystemInit
                0x0800193c       0x5c ..\obj\system_stm32f4xx.o
                0x0800193c                SystemInit
 .text.SetSysClock
                0x08001998       0xf4 ..\obj\system_stm32f4xx.o
 .text.USART3_IRQHandler
                0x08001a8c      0x268 ..\obj\uart_camera.o
                0x08001a8c                USART3_IRQHandler
 .text.odoInit  0x08001cf4      0x12c ..\obj\speed_control.o
                0x08001cf4                odoInit
 .text.traInit  0x08001e20       0x3a ..\obj\speed_control.o
                0x08001e20                traInit
 *fill*         0x08001e5a        0x2 
 .text.traXInit
                0x08001e5c       0x78 ..\obj\speed_control.o
                0x08001e5c                traXInit
 .text.traYInit
                0x08001ed4       0x78 ..\obj\speed_control.o
                0x08001ed4                traYInit
 .text.traWInit
                0x08001f4c       0x78 ..\obj\speed_control.o
                0x08001f4c                traWInit
 .text.pidInit  0x08001fc4       0x78 ..\obj\speed_control.o
                0x08001fc4                pidInit
 .text.resetInit
                0x0800203c       0xb8 ..\obj\speed_control.o
                0x0800203c                resetInit
 .text.TIM2_IRQHandler
                0x080020f4      0x3d0 ..\obj\speed_control.o
                0x080020f4                TIM2_IRQHandler
 *fill*         0x080024c4        0x4 
 .text.calculatePosition
                0x080024c8      0x620 ..\obj\speed_control.o
                0x080024c8                calculatePosition
 .text.calculatePID
                0x08002ae8      0x118 ..\obj\speed_control.o
                0x08002ae8                calculatePID
 .text.kinematic
                0x08002c00      0x23c ..\obj\speed_control.o
                0x08002c00                kinematic
 .text.EXTI_GetITStatus
                0x08002e3c       0x48 ..\obj\stm32f4xx_exti.o
                0x08002e3c                EXTI_GetITStatus
 .text.EXTI_ClearITPendingBit
                0x08002e84       0x1c ..\obj\stm32f4xx_exti.o
                0x08002e84                EXTI_ClearITPendingBit
 .text.printData
                0x08002ea0       0x80 ..\obj\localization.o
                0x08002ea0                printData
 .text.TIM5_IRQHandler
                0x08002f20       0x28 ..\obj\localization.o
                0x08002f20                TIM5_IRQHandler
 .text.TIM_GetITStatus
                0x08002f48       0x52 ..\obj\stm32f4xx_tim.o
                0x08002f48                TIM_GetITStatus
 .text.TIM_ClearITPendingBit
                0x08002f9a       0x20 ..\obj\stm32f4xx_tim.o
                0x08002f9a                TIM_ClearITPendingBit
 *fill*         0x08002fba        0x2 
 .text.cos      0x08002fbc       0x94 c:/program files (x86)/gnu tools arm embedded/6 2017-q2-update/bin/../lib/gcc/arm-none-eabi/6.3.1/../../../../arm-none-eabi/lib/thumb/v7e-m\libm.a(lib_a-s_cos.o)
                0x08002fbc                cos
 .text.fabs     0x08003050        0x8 c:/program files (x86)/gnu tools arm embedded/6 2017-q2-update/bin/../lib/gcc/arm-none-eabi/6.3.1/../../../../arm-none-eabi/lib/thumb/v7e-m\libm.a(lib_a-s_fabs.o)
                0x08003050                fabs
 .text.sin      0x08003058       0x88 c:/program files (x86)/gnu tools arm embedded/6 2017-q2-update/bin/../lib/gcc/arm-none-eabi/6.3.1/../../../../arm-none-eabi/lib/thumb/v7e-m\libm.a(lib_a-s_sin.o)
                0x08003058                sin
 .text.__ieee754_rem_pio2
                0x080030e0      0x444 c:/program files (x86)/gnu tools arm embedded/6 2017-q2-update/bin/../lib/gcc/arm-none-eabi/6.3.1/../../../../arm-none-eabi/lib/thumb/v7e-m\libm.a(lib_a-e_rem_pio2.o)
                0x080030e0                __ieee754_rem_pio2
 *fill*         0x08003524        0x4 
 .text.__kernel_cos
                0x08003528      0x248 c:/program files (x86)/gnu tools arm embedded/6 2017-q2-update/bin/../lib/gcc/arm-none-eabi/6.3.1/../../../../arm-none-eabi/lib/thumb/v7e-m\libm.a(lib_a-k_cos.o)
                0x08003528                __kernel_cos
 .text.__kernel_rem_pio2
                0x08003770      0x88c c:/program files (x86)/gnu tools arm embedded/6 2017-q2-update/bin/../lib/gcc/arm-none-eabi/6.3.1/../../../../arm-none-eabi/lib/thumb/v7e-m\libm.a(lib_a-k_rem_pio2.o)
                0x08003770                __kernel_rem_pio2
 *fill*         0x08003ffc        0x4 
 .text.__kernel_sin
                0x08004000      0x16c c:/program files (x86)/gnu tools arm embedded/6 2017-q2-update/bin/../lib/gcc/arm-none-eabi/6.3.1/../../../../arm-none-eabi/lib/thumb/v7e-m\libm.a(lib_a-k_sin.o)
                0x08004000                __kernel_sin
 *fill*         0x0800416c        0x4 
 .text.floor    0x08004170      0x118 c:/program files (x86)/gnu tools arm embedded/6 2017-q2-update/bin/../lib/gcc/arm-none-eabi/6.3.1/../../../../arm-none-eabi/lib/thumb/v7e-m\libm.a(lib_a-s_floor.o)
                0x08004170                floor
 .text.scalbn   0x08004288       0xfc c:/program files (x86)/gnu tools arm embedded/6 2017-q2-update/bin/../lib/gcc/arm-none-eabi/6.3.1/../../../../arm-none-eabi/lib/thumb/v7e-m\libm.a(lib_a-s_scalbn.o)
                0x08004288                scalbn
 .text.copysign
                0x08004384       0x10 c:/program files (x86)/gnu tools arm embedded/6 2017-q2-update/bin/../lib/gcc/arm-none-eabi/6.3.1/../../../../arm-none-eabi/lib/thumb/v7e-m\libm.a(lib_a-s_copysign.o)
                0x08004384                copysign
 .text          0x08004394      0x370 c:/program files (x86)/gnu tools arm embedded/6 2017-q2-update/bin/../lib/gcc/arm-none-eabi/6.3.1/thumb/v7e-m\libgcc.a(_arm_addsubdf3.o)
                0x08004394                __aeabi_drsub
                0x0800439c                __aeabi_dsub
                0x0800439c                __subdf3
                0x080043a0                __aeabi_dadd
                0x080043a0                __adddf3
                0x08004618                __floatunsidf
                0x08004618                __aeabi_ui2d
                0x08004638                __floatsidf
                0x08004638                __aeabi_i2d
                0x0800465c                __aeabi_f2d
                0x0800465c                __extendsfdf2
                0x08004698                __floatundidf
                0x08004698                __aeabi_ul2d
                0x080046a8                __floatdidf
                0x080046a8                __aeabi_l2d
 .text          0x08004704      0x424 c:/program files (x86)/gnu tools arm embedded/6 2017-q2-update/bin/../lib/gcc/arm-none-eabi/6.3.1/thumb/v7e-m\libgcc.a(_arm_muldivdf3.o)
                0x08004704                __aeabi_dmul
                0x08004704                __muldf3
                0x08004958                __divdf3
                0x08004958                __aeabi_ddiv
 .text          0x08004b28      0x110 c:/program files (x86)/gnu tools arm embedded/6 2017-q2-update/bin/../lib/gcc/arm-none-eabi/6.3.1/thumb/v7e-m\libgcc.a(_arm_cmpdf2.o)
                0x08004b28                __gtdf2
                0x08004b28                __gedf2
                0x08004b30                __ltdf2
                0x08004b30                __ledf2
                0x08004b38                __nedf2
                0x08004b38                __eqdf2
                0x08004b38                __cmpdf2
                0x08004bb4                __aeabi_cdrcmple
                0x08004bc4                __aeabi_cdcmpeq
                0x08004bc4                __aeabi_cdcmple
                0x08004bd4                __aeabi_dcmpeq
                0x08004be8                __aeabi_dcmplt
                0x08004bfc                __aeabi_dcmple
                0x08004c10                __aeabi_dcmpge
                0x08004c24                __aeabi_dcmpgt
 .text          0x08004c38       0x50 c:/program files (x86)/gnu tools arm embedded/6 2017-q2-update/bin/../lib/gcc/arm-none-eabi/6.3.1/thumb/v7e-m\libgcc.a(_arm_fixdfsi.o)
                0x08004c38                __aeabi_d2iz
                0x08004c38                __fixdfsi
 .text          0x08004c88      0x21c c:/program files (x86)/gnu tools arm embedded/6 2017-q2-update/bin/../lib/gcc/arm-none-eabi/6.3.1/thumb/v7e-m\libgcc.a(_arm_addsubsf3.o)
                0x08004c88                __aeabi_frsub
                0x08004c90                __subsf3
                0x08004c90                __aeabi_fsub
                0x08004c94                __aeabi_fadd
                0x08004c94                __addsf3
                0x08004df4                __aeabi_ui2f
                0x08004df4                __floatunsisf
                0x08004dfc                __aeabi_i2f
                0x08004dfc                __floatsisf
                0x08004e18                __aeabi_ul2f
                0x08004e18                __floatundisf
                0x08004e28                __aeabi_l2f
                0x08004e28                __floatdisf
 .text          0x08004ea4      0x2a0 c:/program files (x86)/gnu tools arm embedded/6 2017-q2-update/bin/../lib/gcc/arm-none-eabi/6.3.1/thumb/v7e-m\libgcc.a(_arm_muldivsf3.o)
                0x08004ea4                __mulsf3
                0x08004ea4                __aeabi_fmul
                0x0800500c                __aeabi_fdiv
                0x0800500c                __divsf3
 .text          0x08005144       0xec c:/program files (x86)/gnu tools arm embedded/6 2017-q2-update/bin/../lib/gcc/arm-none-eabi/6.3.1/thumb/v7e-m\libgcc.a(_arm_cmpsf2.o)
                0x08005144                __gesf2
                0x08005144                __gtsf2
                0x0800514c                __lesf2
                0x0800514c                __ltsf2
                0x08005154                __nesf2
                0x08005154                __eqsf2
                0x08005154                __cmpsf2
                0x080051b4                __aeabi_cfrcmple
                0x080051bc                __aeabi_cfcmpeq
                0x080051bc                __aeabi_cfcmple
                0x080051cc                __aeabi_fcmpeq
                0x080051e0                __aeabi_fcmplt
                0x080051f4                __aeabi_fcmple
                0x08005208                __aeabi_fcmpge
                0x0800521c                __aeabi_fcmpgt
 *(.init)
 *(.fini)
 *crtbegin.o(.ctors)
 *crtbegin?.o(.ctors)
 *(EXCLUDE_FILE(*crtend.o *crtend?.o) .ctors)
 *(SORT(.ctors.*))
 *(.ctors)
 *crtbegin.o(.dtors)
 *crtbegin?.o(.dtors)
 *(EXCLUDE_FILE(*crtend.o *crtend?.o) .dtors)
 *(SORT(.dtors.*))
 *(.dtors)
 *(.rodata*)
 .rodata        0x08005230       0x1f ..\obj\localization.o
 *fill*         0x0800524f        0x1 
 .rodata.npio2_hw
                0x08005250       0x80 c:/program files (x86)/gnu tools arm embedded/6 2017-q2-update/bin/../lib/gcc/arm-none-eabi/6.3.1/../../../../arm-none-eabi/lib/thumb/v7e-m\libm.a(lib_a-e_rem_pio2.o)
 .rodata.two_over_pi
                0x080052d0      0x108 c:/program files (x86)/gnu tools arm embedded/6 2017-q2-update/bin/../lib/gcc/arm-none-eabi/6.3.1/../../../../arm-none-eabi/lib/thumb/v7e-m\libm.a(lib_a-e_rem_pio2.o)
 .rodata.PIo2   0x080053d8       0x40 c:/program files (x86)/gnu tools arm embedded/6 2017-q2-update/bin/../lib/gcc/arm-none-eabi/6.3.1/../../../../arm-none-eabi/lib/thumb/v7e-m\libm.a(lib_a-k_rem_pio2.o)
 .rodata.init_jk
                0x08005418       0x10 c:/program files (x86)/gnu tools arm embedded/6 2017-q2-update/bin/../lib/gcc/arm-none-eabi/6.3.1/../../../../arm-none-eabi/lib/thumb/v7e-m\libm.a(lib_a-k_rem_pio2.o)
 *(.eh_fram e*)

.glue_7         0x08005428        0x0
 .glue_7        0x08005428        0x0 linker stubs

.glue_7t        0x08005428        0x0
 .glue_7t       0x08005428        0x0 linker stubs

.vfp11_veneer   0x08005428        0x0
 .vfp11_veneer  0x08005428        0x0 linker stubs

.v4_bx          0x08005428        0x0
 .v4_bx         0x08005428        0x0 linker stubs

.iplt           0x08005428        0x0
 .iplt          0x08005428        0x0 ..\obj\uart_node.o

.rel.dyn        0x08005428        0x0
 .rel.iplt      0x08005428        0x0 ..\obj\uart_node.o

.ARM.extab
 *(.ARM.extab* .gnu.linkonce.armextab.*)
                0x08005428                __exidx_start = .

.ARM.exidx
 *(.ARM.exidx* .gnu.linkonce.armexidx.*)
                0x08005428                __exidx_end = .
                0x08005428                __etext = .
                0x08005428                _sidata = __etext

.data           0x20000000       0xe4 load address 0x08005428
                0x20000000                __data_start__ = .
                0x20000000                _sdata = __data_start__
 *(vtable)
 *(.data*)
 .data          0x20000000        0x6 ..\obj\tm_stm32f4_rotary_encoder.o
 *fill*         0x20000006        0x2 
 .data          0x20000008       0x78 ..\obj\lcd_16x2.o
                0x20000008                LCD_2X16
 .data          0x20000080       0x14 ..\obj\system_stm32f4xx.o
                0x20000080                SystemCoreClock
                0x20000084                AHBPrescTable
 *fill*         0x20000094        0x4 
 .data          0x20000098       0x4c ..\obj\speed_control.o
                0x20000098                ppr
                0x200000a0                robot_radius
                0x200000a8                wheel_radius
                0x200000b0                time_sampling
                0x200000b8                min_pid_limit
                0x200000c0                max_pid_limit
                0x200000c8                min_pwm_limit
                0x200000d0                max_pwm_limit
                0x200000d8                move_ccounter
                0x200000dc                abs1
                0x200000e0                abs2
                0x200000e4                . = ALIGN (0x4)
                [!provide]                PROVIDE (__preinit_array_start, .)
 *(.preinit_array)
                [!provide]                PROVIDE (__preinit_array_end, .)
                0x200000e4                . = ALIGN (0x4)
                [!provide]                PROVIDE (__init_array_start, .)
 *(SORT(.init_array.*))
 *(.init_array)
                [!provide]                PROVIDE (__init_array_end, .)
                0x200000e4                . = ALIGN (0x4)
                [!provide]                PROVIDE (__fini_array_start, .)
 *(SORT(.fini_array.*))
 *(.fini_array)
                [!provide]                PROVIDE (__fini_array_end, .)
 *(.jcr*)
                0x200000e4                . = ALIGN (0x4)
                0x200000e4                __data_end__ = .
                0x200000e4                _edata = __data_end__

.igot.plt       0x200000e4        0x0 load address 0x0800550c
 .igot.plt      0x200000e4        0x0 ..\obj\uart_node.o

.bss            0x200000e8      0x4c4 load address 0x08005510
                0x200000e8                . = ALIGN (0x4)
                0x200000e8                __bss_start__ = .
                0x200000e8                _sbss = __bss_start__
 *(.bss*)
 .bss           0x200000e8        0xd ..\obj\tm_stm32f4_delay.o
                0x200000f4                TM_DELAY_Initialized
 *fill*         0x200000f5        0x3 
 .bss           0x200000f8        0x4 ..\obj\uart_camera.o
                0x200000f8                autosudut
 *fill*         0x200000fc        0x4 
 .bss           0x20000100      0x2b0 ..\obj\speed_control.o
                0x2000010c                rotaryCount
                0x20000110                lastCount
                0x20000114                error
                0x20000116                errorDua
                0x20000118                errorTiga
                0x2000011a                errorEmpat
                0x2000011c                rpm
                0x20000120                rpmDua
                0x20000124                rpmTiga
                0x20000128                rpmEmpat
                0x2000012c                setPointSatu
                0x2000012e                setPointDua
                0x20000130                setPointTiga
                0x20000132                setPointEmpat
                0x20000134                output
                0x20000138                outputDua
                0x2000013c                outputTiga
                0x20000140                outputEmpat
                0x20000144                speed
                0x20000148                prevError
                0x2000014a                derivError
                0x2000014c                intError
                0x2000014e                prevErrorDua
                0x20000150                derivErrorDua
                0x20000152                intErrorDua
                0x20000154                prevErrorTiga
                0x20000156                derivErrorTiga
                0x20000158                intErrorTiga
                0x2000015a                prevErrorEmpat
                0x2000015c                derivErrorEmpat
                0x2000015e                intErrorEmpat
                0x20000160                current_x
                0x20000168                current_y
                0x20000170                current_w
                0x20000178                current_w2
                0x20000180                currentLocal_x
                0x20000188                currentLocal_y
                0x20000190                currentLocal_w
                0x20000198                current_speed_1
                0x200001a0                current_speed_2
                0x200001a8                current_speed_3
                0x200001b0                current_speed_4
                0x200001b8                odo_local_vx
                0x200001c0                odo_local_vy
                0x200001c8                odo_local_w
                0x200001d0                odo_global_vx
                0x200001d8                odo_global_vy
                0x200001e0                odo_global_w
                0x200001e8                odo_global_vx_prev
                0x200001f0                odo_global_vy_prev
                0x200001f8                odo_global_w_prev
                0x20000200                tra_input_x
                0x20000208                tra_input_y
                0x20000210                tra_input_w
                0x20000218                tra_count_total_x
                0x20000220                tra_count_x
                0x20000228                tra_current_time_x
                0x20000230                tra_current_x
                0x20000238                last_tra_x
                0x20000240                tra_count_total_y
                0x20000248                tra_count_y
                0x20000250                tra_current_time_y
                0x20000258                tra_current_y
                0x20000260                last_tra_y
                0x20000268                tra_count_total_w
                0x20000270                tra_count_w
                0x20000278                tra_current_time_w
                0x20000280                tra_current_w
                0x20000288                last_tra_w
                0x20000290                is_tra_x_done
                0x20000294                is_tra_y_done
                0x20000298                is_tra_w_done
                0x2000029c                is_tra_sin
                0x200002a0                int_is_counted_up
                0x200002a8                pid_current_x
                0x200002b0                pid_error_x
                0x200002b8                pid_proportional_x
                0x200002c0                pid_integral_x
                0x200002c8                pid_derivative_x
                0x200002d0                pid_current_y
                0x200002d8                pid_error_y
                0x200002e0                pid_proportional_y
                0x200002e8                pid_integral_y
                0x200002f0                pid_derivative_y
                0x200002f8                pid_current_w
                0x20000300                pid_error_w
                0x20000308                pid_proportional_w
                0x20000310                pid_integral_w
                0x20000318                pid_derivative_w
                0x20000320                L_speed
                0x20000328                R_speed
                0x20000330                F_speed
                0x20000338                B_speed
                0x20000340                kine_local_vx
                0x20000348                kine_local_vy
                0x20000350                kine_local_w
                0x20000358                speed_1_value
                0x20000360                speed_2_value
                0x20000368                speed_3_value
                0x20000370                speed_4_value
                0x20000378                pwm_1_value
                0x20000380                pwm_2_value
                0x20000388                pwm_3_value
                0x20000390                pwm_4_value
                0x20000398                motor
                0x2000039c                aaa
                0x200003a0                iii1
                0x200003a4                iii2
                0x200003a8                iii3
                0x200003ac                iii4
 *(COMMON)
 COMMON         0x200003b0       0x48 ..\obj\uart_node.o
                0x200003b0                nodey1
                0x200003b4                strategy
                0x200003b8                ballYCoor
                0x200003b9                ballXCoor
                0x200003ba                flagX
                0x200003bb                gameState
                0x200003bc                ballFound
                0x200003bd                flag
                0x200003c0                nodex2
                0x200003c4                proxyLeft
                0x200003c8                proxyRight
                0x200003cc                compassHeading
                0x200003d0                nodey2
                0x200003d4                fragX
                0x200003d5                compassDerajat2
                0x200003d8                prevy1
                0x200003dc                prevx1
                0x200003e0                compassDerajat1
                0x200003e1                fragY
                0x200003e2                flagY
                0x200003e4                nodex1
                0x200003e8                acceleroX
                0x200003ea                xCoor
                0x200003ec                flagNode
                0x200003f0                proxyUp
                0x200003f4                bufferNode
                0x200003f5                acceleroY
                0x200003f6                yCoor
 COMMON         0x200003f8       0x18 ..\obj\tm_stm32f4_rotary_encoder.o
                0x200003f8                fifthCount
                0x200003fc                sixthCount
                0x20000400                fourthCount
                0x20000404                secondCount
                0x20000408                TM_INT_RE_Count
                0x2000040c                thirdCount
 COMMON         0x20000410        0x6 ..\obj\uart_camera.o
                0x20000410                buff
                0x20000415                buffer
 *fill*         0x20000416        0x2 
 COMMON         0x20000418       0xe8 ..\obj\speed_control.o
                0x20000418                b
                0x20000420                sudut2
                0x20000428                data2
                0x20000440                ballCoorY
                0x20000448                data4
                0x20000460                xCoor2
                0x20000464                startHeading
                0x20000465                prevStartHeading
                0x20000468                ballCoorX
                0x2000046c                cosw
                0x20000470                yCoor2
                0x20000478                sudutBall
                0x20000480                data
                0x20000498                data3
                0x200004b0                sudut
                0x200004b8                coorCount
                0x200004bc                sinw
                0x200004c0                data5
                0x200004d8                a
                0x200004e0                testes
                0x200004e8                data6
 COMMON         0x20000500       0xac ..\obj\localization.o
                0x20000500                prevErrorBallMaju
                0x20000504                counterDelay
                0x20000508                lcd
                0x20000518                rpmKanan
                0x2000051c                ballMaju
                0x20000520                errorBallMaju
                0x20000524                mov
                0x20000528                movCompass
                0x2000052c                temp
                0x20000530                tengahy
                0x20000534                derivErrorBall
                0x20000538                lebargawang
                0x2000053c                panjanggawang
                0x20000540                head
                0x20000544                headGoal
                0x20000548                rpmKiri
                0x2000054c                errorHead
                0x20000550                right_mm
                0x20000554                errorBall
                0x20000558                movPrev
                0x2000055c                gotoxyFlag
                0x20000560                tengahx
                0x20000564                movX
                0x20000568                intErrorHead
                0x2000056c                left_mm
                0x20000570                gotoHead
                0x20000574                prevErrorBall
                0x20000578                derivErrorHead
                0x2000057c                rotateCount
                0x20000580                ball
                0x20000584                headCount
                0x20000588                intErrorBallMaju
                0x2000058c                prevErrorHead
                0x20000590                derivErrorBallMaju
                0x20000594                strategyCount
                0x20000598                intErrorBall
                0x2000059c                prevCompass
                0x200005a0                prevGameState
                0x200005a4                movY
                0x200005a8                heading
                0x200005ac                . = ALIGN (0x4)
                0x200005ac                __bss_end__ = .
                0x200005ac                _ebss = __bss_end__

.heap           0x200005ac        0x0
                0x200005ac                __end__ = .
                0x200005ac                _end = __end__
                0x200005ac                end = __end__
 *(.heap*)
                0x200005ac                __HeapLimit = .

.co_stack       0x200005ac      0x804 load address 0x080059d4
                0x200005b0                . = ALIGN (0x8)
 *fill*         0x200005ac        0x4 
 *(.co_stack .co_stack.*)
 .co_stack      0x200005b0      0x800 ..\obj\startup_stm32f4xx.o
                0x200005b0                pulStack
                0x20020000                __StackTop = (ORIGIN (ram) + LENGTH (ram))
                0x2001f7fc                __StackLimit = (__StackTop - SIZEOF (.co_stack))
                [!provide]                PROVIDE (__stack, __StackTop)
                0x00000001                ASSERT ((__StackLimit >= __HeapLimit), region ram  overflowed with stack)
LOAD ..\obj\uart_node.o
LOAD ..\obj\stm32f4xx_syscfg.o
LOAD ..\obj\stm32f4xx_usart.o
LOAD ..\obj\startup_stm32f4xx.o
LOAD ..\obj\pwm_motor.o
LOAD ..\obj\main.o
LOAD ..\obj\stm32f4xx_rcc.o
LOAD ..\obj\tm_stm32f4_hcsr04.o
LOAD ..\obj\printf.o
LOAD ..\obj\tm_stm32f4_rotary_encoder.o
LOAD ..\obj\odometry.o
LOAD ..\obj\tm_stm32f4_delay.o
LOAD ..\obj\stm32f4xx_gpio.o
LOAD ..\obj\mekanisme_penendang.o
LOAD ..\obj\lcd_16x2.o
LOAD ..\obj\system_stm32f4xx.o
LOAD ..\obj\syscalls.o
LOAD ..\obj\uart_camera.o
LOAD ..\obj\stm32f4xx_i2c.o
LOAD ..\obj\speed_control.o
LOAD ..\obj\stm32f4xx_exti.o
LOAD ..\obj\misc.o
LOAD ..\obj\tm_stm32f4_gpio.o
LOAD ..\obj\localization.o
LOAD ..\obj\stm32f4xx_tim.o
LOAD c:/program files (x86)/gnu tools arm embedded/6 2017-q2-update/bin/../lib/gcc/arm-none-eabi/6.3.1/../../../../arm-none-eabi/lib/thumb/v7e-m\libm.a
START GROUP
LOAD c:/program files (x86)/gnu tools arm embedded/6 2017-q2-update/bin/../lib/gcc/arm-none-eabi/6.3.1/thumb/v7e-m\libgcc.a
LOAD c:/program files (x86)/gnu tools arm embedded/6 2017-q2-update/bin/../lib/gcc/arm-none-eabi/6.3.1/../../../../arm-none-eabi/lib/thumb/v7e-m\libg.a
LOAD c:/program files (x86)/gnu tools arm embedded/6 2017-q2-update/bin/../lib/gcc/arm-none-eabi/6.3.1/../../../../arm-none-eabi/lib/thumb/v7e-m\libc.a
END GROUP
OUTPUT(encoder.elf elf32-littlearm)

.debug_info     0x00000000     0xe3df
 .debug_info    0x00000000     0x11ed ..\obj\uart_node.o
 .debug_info    0x000011ed      0x9d1 ..\obj\stm32f4xx_usart.o
 .debug_info    0x00001bbe      0x10f ..\obj\startup_stm32f4xx.o
 .debug_info    0x00001ccd     0x1051 ..\obj\pwm_motor.o
 .debug_info    0x00002d1e      0xcef ..\obj\main.o
 .debug_info    0x00003a0d      0xc6e ..\obj\stm32f4xx_rcc.o
 .debug_info    0x0000467b      0xe67 ..\obj\printf.o
 .debug_info    0x000054e2      0xc02 ..\obj\tm_stm32f4_rotary_encoder.o
 .debug_info    0x000060e4      0x7b8 ..\obj\tm_stm32f4_delay.o
 .debug_info    0x0000689c      0x64a ..\obj\stm32f4xx_gpio.o
 .debug_info    0x00006ee6      0x4a7 ..\obj\mekanisme_penendang.o
 .debug_info    0x0000738d      0x59e ..\obj\lcd_16x2.o
 .debug_info    0x0000792b      0x5cc ..\obj\system_stm32f4xx.o
 .debug_info    0x00007ef7      0x81f ..\obj\uart_camera.o
 .debug_info    0x00008716     0x1f35 ..\obj\speed_control.o
 .debug_info    0x0000a64b      0x362 ..\obj\stm32f4xx_exti.o
 .debug_info    0x0000a9ad     0x1dc2 ..\obj\localization.o
 .debug_info    0x0000c76f     0x1c70 ..\obj\stm32f4xx_tim.o

.debug_abbrev   0x00000000     0x247c
 .debug_abbrev  0x00000000      0x250 ..\obj\uart_node.o
 .debug_abbrev  0x00000250      0x180 ..\obj\stm32f4xx_usart.o
 .debug_abbrev  0x000003d0       0xbf ..\obj\startup_stm32f4xx.o
 .debug_abbrev  0x0000048f      0x256 ..\obj\pwm_motor.o
 .debug_abbrev  0x000006e5      0x245 ..\obj\main.o
 .debug_abbrev  0x0000092a      0x1f6 ..\obj\stm32f4xx_rcc.o
 .debug_abbrev  0x00000b20      0x28e ..\obj\printf.o
 .debug_abbrev  0x00000dae      0x1fa ..\obj\tm_stm32f4_rotary_encoder.o
 .debug_abbrev  0x00000fa8      0x1d8 ..\obj\tm_stm32f4_delay.o
 .debug_abbrev  0x00001180      0x1e1 ..\obj\stm32f4xx_gpio.o
 .debug_abbrev  0x00001361      0x18e ..\obj\mekanisme_penendang.o
 .debug_abbrev  0x000014ef      0x1e6 ..\obj\lcd_16x2.o
 .debug_abbrev  0x000016d5      0x156 ..\obj\system_stm32f4xx.o
 .debug_abbrev  0x0000182b      0x17c ..\obj\uart_camera.o
 .debug_abbrev  0x000019a7      0x377 ..\obj\speed_control.o
 .debug_abbrev  0x00001d1e      0x1ba ..\obj\stm32f4xx_exti.o
 .debug_abbrev  0x00001ed8      0x40c ..\obj\localization.o
 .debug_abbrev  0x000022e4      0x198 ..\obj\stm32f4xx_tim.o

.debug_aranges  0x00000000      0xcf0
 .debug_aranges
                0x00000000       0x38 ..\obj\uart_node.o
 .debug_aranges
                0x00000038      0x100 ..\obj\stm32f4xx_usart.o
 .debug_aranges
                0x00000138       0x28 ..\obj\startup_stm32f4xx.o
 .debug_aranges
                0x00000160       0x38 ..\obj\pwm_motor.o
 .debug_aranges
                0x00000198       0x20 ..\obj\main.o
 .debug_aranges
                0x000001b8      0x178 ..\obj\stm32f4xx_rcc.o
 .debug_aranges
                0x00000330       0xa0 ..\obj\printf.o
 .debug_aranges
                0x000003d0       0xd8 ..\obj\tm_stm32f4_rotary_encoder.o
 .debug_aranges
                0x000004a8       0x78 ..\obj\tm_stm32f4_delay.o
 .debug_aranges
                0x00000520       0x90 ..\obj\stm32f4xx_gpio.o
 .debug_aranges
                0x000005b0       0xb0 ..\obj\mekanisme_penendang.o
 .debug_aranges
                0x00000660       0x80 ..\obj\lcd_16x2.o
 .debug_aranges
                0x000006e0       0x30 ..\obj\system_stm32f4xx.o
 .debug_aranges
                0x00000710       0x30 ..\obj\uart_camera.o
 .debug_aranges
                0x00000740      0x130 ..\obj\speed_control.o
 .debug_aranges
                0x00000870       0x58 ..\obj\stm32f4xx_exti.o
 .debug_aranges
                0x000008c8      0x130 ..\obj\localization.o
 .debug_aranges
                0x000009f8      0x2f8 ..\obj\stm32f4xx_tim.o

.debug_ranges   0x00000000      0xbd0
 .debug_ranges  0x00000000       0x28 ..\obj\uart_node.o
 .debug_ranges  0x00000028       0xf0 ..\obj\stm32f4xx_usart.o
 .debug_ranges  0x00000118       0x18 ..\obj\startup_stm32f4xx.o
 .debug_ranges  0x00000130       0x28 ..\obj\pwm_motor.o
 .debug_ranges  0x00000158       0x10 ..\obj\main.o
 .debug_ranges  0x00000168      0x168 ..\obj\stm32f4xx_rcc.o
 .debug_ranges  0x000002d0       0x90 ..\obj\printf.o
 .debug_ranges  0x00000360       0xc8 ..\obj\tm_stm32f4_rotary_encoder.o
 .debug_ranges  0x00000428       0x68 ..\obj\tm_stm32f4_delay.o
 .debug_ranges  0x00000490       0x80 ..\obj\stm32f4xx_gpio.o
 .debug_ranges  0x00000510       0xa0 ..\obj\mekanisme_penendang.o
 .debug_ranges  0x000005b0       0x70 ..\obj\lcd_16x2.o
 .debug_ranges  0x00000620       0x20 ..\obj\system_stm32f4xx.o
 .debug_ranges  0x00000640       0x20 ..\obj\uart_camera.o
 .debug_ranges  0x00000660      0x120 ..\obj\speed_control.o
 .debug_ranges  0x00000780       0x48 ..\obj\stm32f4xx_exti.o
 .debug_ranges  0x000007c8      0x120 ..\obj\localization.o
 .debug_ranges  0x000008e8      0x2e8 ..\obj\stm32f4xx_tim.o

.debug_line     0x00000000     0x611f
 .debug_line    0x00000000      0x495 ..\obj\uart_node.o
 .debug_line    0x00000495      0x583 ..\obj\stm32f4xx_usart.o
 .debug_line    0x00000a18       0xc4 ..\obj\startup_stm32f4xx.o
 .debug_line    0x00000adc      0x497 ..\obj\pwm_motor.o
 .debug_line    0x00000f73      0x3f4 ..\obj\main.o
 .debug_line    0x00001367      0x66f ..\obj\stm32f4xx_rcc.o
 .debug_line    0x000019d6      0x3aa ..\obj\printf.o
 .debug_line    0x00001d80      0x5a4 ..\obj\tm_stm32f4_rotary_encoder.o
 .debug_line    0x00002324      0x3d1 ..\obj\tm_stm32f4_delay.o
 .debug_line    0x000026f5      0x43e ..\obj\stm32f4xx_gpio.o
 .debug_line    0x00002b33      0x47b ..\obj\mekanisme_penendang.o
 .debug_line    0x00002fae      0x4e4 ..\obj\lcd_16x2.o
 .debug_line    0x00003492      0x2b2 ..\obj\system_stm32f4xx.o
 .debug_line    0x00003744      0x388 ..\obj\uart_camera.o
 .debug_line    0x00003acc      0x88c ..\obj\speed_control.o
 .debug_line    0x00004358      0x36b ..\obj\stm32f4xx_exti.o
 .debug_line    0x000046c3      0xed1 ..\obj\localization.o
 .debug_line    0x00005594      0xb8b ..\obj\stm32f4xx_tim.o

.debug_str      0x00000000     0x4497
 .debug_str     0x00000000     0x100e ..\obj\uart_node.o
                               0x109f (size before relaxing)
 .debug_str     0x0000100e      0x43f ..\obj\stm32f4xx_usart.o
                                0x6c1 (size before relaxing)
 .debug_str     0x0000144d       0xe4 ..\obj\startup_stm32f4xx.o
                                0x17b (size before relaxing)
 .debug_str     0x00001531      0x25b ..\obj\pwm_motor.o
                                0xbb0 (size before relaxing)
 .debug_str     0x0000178c       0xba ..\obj\main.o
                                0x874 (size before relaxing)
 .debug_str     0x00001846      0x605 ..\obj\stm32f4xx_rcc.o
                                0x882 (size before relaxing)
 .debug_str     0x00001e4b      0x135 ..\obj\printf.o
                                0x6cb (size before relaxing)
 .debug_str     0x00001f80      0x3cd ..\obj\tm_stm32f4_rotary_encoder.o
                                0xc78 (size before relaxing)
 .debug_str     0x0000234d      0x1fe ..\obj\tm_stm32f4_delay.o
                                0x8b6 (size before relaxing)
 .debug_str     0x0000254b      0x1b5 ..\obj\stm32f4xx_gpio.o
                                0x4d5 (size before relaxing)
 .debug_str     0x00002700      0x153 ..\obj\mekanisme_penendang.o
                                0x4af (size before relaxing)
 .debug_str     0x00002853      0x1f3 ..\obj\lcd_16x2.o
                                0x532 (size before relaxing)
 .debug_str     0x00002a46       0xcb ..\obj\system_stm32f4xx.o
                                0x3c1 (size before relaxing)
 .debug_str     0x00002b11       0xa9 ..\obj\uart_camera.o
                                0xad7 (size before relaxing)
 .debug_str     0x00002bba      0x869 ..\obj\speed_control.o
                               0x1826 (size before relaxing)
 .debug_str     0x00003423      0x11f ..\obj\stm32f4xx_exti.o
                                0x38b (size before relaxing)
 .debug_str     0x00003542      0x535 ..\obj\localization.o
                               0x15e5 (size before relaxing)
 .debug_str     0x00003a77      0xa20 ..\obj\stm32f4xx_tim.o
                                0xe02 (size before relaxing)

.comment        0x00000000       0x7f
 .comment       0x00000000       0x7f ..\obj\uart_node.o
                                 0x80 (size before relaxing)
 .comment       0x0000007f       0x80 ..\obj\stm32f4xx_usart.o
 .comment       0x0000007f       0x80 ..\obj\startup_stm32f4xx.o
 .comment       0x0000007f       0x80 ..\obj\pwm_motor.o
 .comment       0x0000007f       0x80 ..\obj\main.o
 .comment       0x0000007f       0x80 ..\obj\stm32f4xx_rcc.o
 .comment       0x0000007f       0x80 ..\obj\printf.o
 .comment       0x0000007f       0x80 ..\obj\tm_stm32f4_rotary_encoder.o
 .comment       0x0000007f       0x80 ..\obj\tm_stm32f4_delay.o
 .comment       0x0000007f       0x80 ..\obj\stm32f4xx_gpio.o
 .comment       0x0000007f       0x80 ..\obj\mekanisme_penendang.o
 .comment       0x0000007f       0x80 ..\obj\lcd_16x2.o
 .comment       0x0000007f       0x80 ..\obj\system_stm32f4xx.o
 .comment       0x0000007f       0x80 ..\obj\uart_camera.o
 .comment       0x0000007f       0x80 ..\obj\speed_control.o
 .comment       0x0000007f       0x80 ..\obj\stm32f4xx_exti.o
 .comment       0x0000007f       0x80 ..\obj\localization.o
 .comment       0x0000007f       0x80 ..\obj\stm32f4xx_tim.o

.ARM.attributes
                0x00000000       0x33
 .ARM.attributes
                0x00000000       0x33 ..\obj\uart_node.o
 .ARM.attributes
                0x00000033       0x33 ..\obj\stm32f4xx_usart.o
 .ARM.attributes
                0x00000066       0x33 ..\obj\startup_stm32f4xx.o
 .ARM.attributes
                0x00000099       0x33 ..\obj\pwm_motor.o
 .ARM.attributes
                0x000000cc       0x33 ..\obj\main.o
 .ARM.attributes
                0x000000ff       0x33 ..\obj\stm32f4xx_rcc.o
 .ARM.attributes
                0x00000132       0x33 ..\obj\printf.o
 .ARM.attributes
                0x00000165       0x33 ..\obj\tm_stm32f4_rotary_encoder.o
 .ARM.attributes
                0x00000198       0x33 ..\obj\tm_stm32f4_delay.o
 .ARM.attributes
                0x000001cb       0x33 ..\obj\stm32f4xx_gpio.o
 .ARM.attributes
                0x000001fe       0x33 ..\obj\mekanisme_penendang.o
 .ARM.attributes
                0x00000231       0x33 ..\obj\lcd_16x2.o
 .ARM.attributes
                0x00000264       0x33 ..\obj\system_stm32f4xx.o
 .ARM.attributes
                0x00000297       0x33 ..\obj\uart_camera.o
 .ARM.attributes
                0x000002ca       0x33 ..\obj\speed_control.o
 .ARM.attributes
                0x000002fd       0x33 ..\obj\stm32f4xx_exti.o
 .ARM.attributes
                0x00000330       0x33 ..\obj\localization.o
 .ARM.attributes
                0x00000363       0x33 ..\obj\stm32f4xx_tim.o
 .ARM.attributes
                0x00000396       0x2e c:/program files (x86)/gnu tools arm embedded/6 2017-q2-update/bin/../lib/gcc/arm-none-eabi/6.3.1/../../../../arm-none-eabi/lib/thumb/v7e-m\libm.a(lib_a-s_cos.o)
 .ARM.attributes
                0x000003c4       0x2e c:/program files (x86)/gnu tools arm embedded/6 2017-q2-update/bin/../lib/gcc/arm-none-eabi/6.3.1/../../../../arm-none-eabi/lib/thumb/v7e-m\libm.a(lib_a-s_fabs.o)
 .ARM.attributes
                0x000003f2       0x2e c:/program files (x86)/gnu tools arm embedded/6 2017-q2-update/bin/../lib/gcc/arm-none-eabi/6.3.1/../../../../arm-none-eabi/lib/thumb/v7e-m\libm.a(lib_a-s_sin.o)
 .ARM.attributes
                0x00000420       0x2e c:/program files (x86)/gnu tools arm embedded/6 2017-q2-update/bin/../lib/gcc/arm-none-eabi/6.3.1/../../../../arm-none-eabi/lib/thumb/v7e-m\libm.a(lib_a-e_rem_pio2.o)
 .ARM.attributes
                0x0000044e       0x2e c:/program files (x86)/gnu tools arm embedded/6 2017-q2-update/bin/../lib/gcc/arm-none-eabi/6.3.1/../../../../arm-none-eabi/lib/thumb/v7e-m\libm.a(lib_a-k_cos.o)
 .ARM.attributes
                0x0000047c       0x2e c:/program files (x86)/gnu tools arm embedded/6 2017-q2-update/bin/../lib/gcc/arm-none-eabi/6.3.1/../../../../arm-none-eabi/lib/thumb/v7e-m\libm.a(lib_a-k_rem_pio2.o)
 .ARM.attributes
                0x000004aa       0x2e c:/program files (x86)/gnu tools arm embedded/6 2017-q2-update/bin/../lib/gcc/arm-none-eabi/6.3.1/../../../../arm-none-eabi/lib/thumb/v7e-m\libm.a(lib_a-k_sin.o)
 .ARM.attributes
                0x000004d8       0x2e c:/program files (x86)/gnu tools arm embedded/6 2017-q2-update/bin/../lib/gcc/arm-none-eabi/6.3.1/../../../../arm-none-eabi/lib/thumb/v7e-m\libm.a(lib_a-s_floor.o)
 .ARM.attributes
                0x00000506       0x2e c:/program files (x86)/gnu tools arm embedded/6 2017-q2-update/bin/../lib/gcc/arm-none-eabi/6.3.1/../../../../arm-none-eabi/lib/thumb/v7e-m\libm.a(lib_a-s_scalbn.o)
 .ARM.attributes
                0x00000534       0x2e c:/program files (x86)/gnu tools arm embedded/6 2017-q2-update/bin/../lib/gcc/arm-none-eabi/6.3.1/../../../../arm-none-eabi/lib/thumb/v7e-m\libm.a(lib_a-s_copysign.o)
 .ARM.attributes
                0x00000562       0x1e c:/program files (x86)/gnu tools arm embedded/6 2017-q2-update/bin/../lib/gcc/arm-none-eabi/6.3.1/thumb/v7e-m\libgcc.a(_arm_addsubdf3.o)
 .ARM.attributes
                0x00000580       0x1e c:/program files (x86)/gnu tools arm embedded/6 2017-q2-update/bin/../lib/gcc/arm-none-eabi/6.3.1/thumb/v7e-m\libgcc.a(_arm_muldivdf3.o)
 .ARM.attributes
                0x0000059e       0x1e c:/program files (x86)/gnu tools arm embedded/6 2017-q2-update/bin/../lib/gcc/arm-none-eabi/6.3.1/thumb/v7e-m\libgcc.a(_arm_cmpdf2.o)
 .ARM.attributes
                0x000005bc       0x1e c:/program files (x86)/gnu tools arm embedded/6 2017-q2-update/bin/../lib/gcc/arm-none-eabi/6.3.1/thumb/v7e-m\libgcc.a(_arm_fixdfsi.o)
 .ARM.attributes
                0x000005da       0x1e c:/program files (x86)/gnu tools arm embedded/6 2017-q2-update/bin/../lib/gcc/arm-none-eabi/6.3.1/thumb/v7e-m\libgcc.a(_arm_addsubsf3.o)
 .ARM.attributes
                0x000005f8       0x1e c:/program files (x86)/gnu tools arm embedded/6 2017-q2-update/bin/../lib/gcc/arm-none-eabi/6.3.1/thumb/v7e-m\libgcc.a(_arm_muldivsf3.o)
 .ARM.attributes
                0x00000616       0x1e c:/program files (x86)/gnu tools arm embedded/6 2017-q2-update/bin/../lib/gcc/arm-none-eabi/6.3.1/thumb/v7e-m\libgcc.a(_arm_cmpsf2.o)

.debug_frame    0x00000000     0x3b54
 .debug_frame   0x00000000       0x88 ..\obj\uart_node.o
 .debug_frame   0x00000088      0x490 ..\obj\stm32f4xx_usart.o
 .debug_frame   0x00000518       0x4c ..\obj\startup_stm32f4xx.o
 .debug_frame   0x00000564       0xa0 ..\obj\pwm_motor.o
 .debug_frame   0x00000604       0x30 ..\obj\main.o
 .debug_frame   0x00000634      0x6d4 ..\obj\stm32f4xx_rcc.o
 .debug_frame   0x00000d08      0x2dc ..\obj\printf.o
 .debug_frame   0x00000fe4      0x370 ..\obj\tm_stm32f4_rotary_encoder.o
 .debug_frame   0x00001354      0x1b8 ..\obj\tm_stm32f4_delay.o
 .debug_frame   0x0000150c      0x264 ..\obj\stm32f4xx_gpio.o
 .debug_frame   0x00001770      0x250 ..\obj\mekanisme_penendang.o
 .debug_frame   0x000019c0      0x1d0 ..\obj\lcd_16x2.o
 .debug_frame   0x00001b90       0x7c ..\obj\system_stm32f4xx.o
 .debug_frame   0x00001c0c       0x70 ..\obj\uart_camera.o
 .debug_frame   0x00001c7c      0x50c ..\obj\speed_control.o
 .debug_frame   0x00002188      0x148 ..\obj\stm32f4xx_exti.o
 .debug_frame   0x000022d0      0x4c0 ..\obj\localization.o
 .debug_frame   0x00002790      0xe54 ..\obj\stm32f4xx_tim.o
 .debug_frame   0x000035e4       0x38 c:/program files (x86)/gnu tools arm embedded/6 2017-q2-update/bin/../lib/gcc/arm-none-eabi/6.3.1/../../../../arm-none-eabi/lib/thumb/v7e-m\libm.a(lib_a-s_cos.o)
 .debug_frame   0x0000361c       0x20 c:/program files (x86)/gnu tools arm embedded/6 2017-q2-update/bin/../lib/gcc/arm-none-eabi/6.3.1/../../../../arm-none-eabi/lib/thumb/v7e-m\libm.a(lib_a-s_fabs.o)
 .debug_frame   0x0000363c       0x38 c:/program files (x86)/gnu tools arm embedded/6 2017-q2-update/bin/../lib/gcc/arm-none-eabi/6.3.1/../../../../arm-none-eabi/lib/thumb/v7e-m\libm.a(lib_a-s_sin.o)
 .debug_frame   0x00003674       0x48 c:/program files (x86)/gnu tools arm embedded/6 2017-q2-update/bin/../lib/gcc/arm-none-eabi/6.3.1/../../../../arm-none-eabi/lib/thumb/v7e-m\libm.a(lib_a-e_rem_pio2.o)
 .debug_frame   0x000036bc       0x4c c:/program files (x86)/gnu tools arm embedded/6 2017-q2-update/bin/../lib/gcc/arm-none-eabi/6.3.1/../../../../arm-none-eabi/lib/thumb/v7e-m\libm.a(lib_a-k_cos.o)
 .debug_frame   0x00003708       0x50 c:/program files (x86)/gnu tools arm embedded/6 2017-q2-update/bin/../lib/gcc/arm-none-eabi/6.3.1/../../../../arm-none-eabi/lib/thumb/v7e-m\libm.a(lib_a-k_rem_pio2.o)
 .debug_frame   0x00003758       0x48 c:/program files (x86)/gnu tools arm embedded/6 2017-q2-update/bin/../lib/gcc/arm-none-eabi/6.3.1/../../../../arm-none-eabi/lib/thumb/v7e-m\libm.a(lib_a-k_sin.o)
 .debug_frame   0x000037a0       0x34 c:/program files (x86)/gnu tools arm embedded/6 2017-q2-update/bin/../lib/gcc/arm-none-eabi/6.3.1/../../../../arm-none-eabi/lib/thumb/v7e-m\libm.a(lib_a-s_floor.o)
 .debug_frame   0x000037d4       0x30 c:/program files (x86)/gnu tools arm embedded/6 2017-q2-update/bin/../lib/gcc/arm-none-eabi/6.3.1/../../../../arm-none-eabi/lib/thumb/v7e-m\libm.a(lib_a-s_scalbn.o)
 .debug_frame   0x00003804       0x20 c:/program files (x86)/gnu tools arm embedded/6 2017-q2-update/bin/../lib/gcc/arm-none-eabi/6.3.1/../../../../arm-none-eabi/lib/thumb/v7e-m\libm.a(lib_a-s_copysign.o)
 .debug_frame   0x00003824       0xac c:/program files (x86)/gnu tools arm embedded/6 2017-q2-update/bin/../lib/gcc/arm-none-eabi/6.3.1/thumb/v7e-m\libgcc.a(_arm_addsubdf3.o)
 .debug_frame   0x000038d0       0x50 c:/program files (x86)/gnu tools arm embedded/6 2017-q2-update/bin/../lib/gcc/arm-none-eabi/6.3.1/thumb/v7e-m\libgcc.a(_arm_muldivdf3.o)
 .debug_frame   0x00003920       0xc4 c:/program files (x86)/gnu tools arm embedded/6 2017-q2-update/bin/../lib/gcc/arm-none-eabi/6.3.1/thumb/v7e-m\libgcc.a(_arm_cmpdf2.o)
 .debug_frame   0x000039e4       0x24 c:/program files (x86)/gnu tools arm embedded/6 2017-q2-update/bin/../lib/gcc/arm-none-eabi/6.3.1/thumb/v7e-m\libgcc.a(_arm_fixdfsi.o)
 .debug_frame   0x00003a08       0x4c c:/program files (x86)/gnu tools arm embedded/6 2017-q2-update/bin/../lib/gcc/arm-none-eabi/6.3.1/thumb/v7e-m\libgcc.a(_arm_addsubsf3.o)
 .debug_frame   0x00003a54       0x38 c:/program files (x86)/gnu tools arm embedded/6 2017-q2-update/bin/../lib/gcc/arm-none-eabi/6.3.1/thumb/v7e-m\libgcc.a(_arm_muldivsf3.o)
 .debug_frame   0x00003a8c       0xc8 c:/program files (x86)/gnu tools arm embedded/6 2017-q2-update/bin/../lib/gcc/arm-none-eabi/6.3.1/thumb/v7e-m\libgcc.a(_arm_cmpsf2.o)
