Archive member included to satisfy reference by file (symbol)

c:/program files (x86)/gnu tools arm embedded/6 2017-q2-update/bin/../lib/gcc/arm-none-eabi/6.3.1/../../../../arm-none-eabi/lib/thumb/v7e-m\libm.a(lib_a-s_cos.o)
                              ..\obj\odometry.o (cos)
c:/program files (x86)/gnu tools arm embedded/6 2017-q2-update/bin/../lib/gcc/arm-none-eabi/6.3.1/../../../../arm-none-eabi/lib/thumb/v7e-m\libm.a(lib_a-s_sin.o)
                              ..\obj\odometry.o (sin)
c:/program files (x86)/gnu tools arm embedded/6 2017-q2-update/bin/../lib/gcc/arm-none-eabi/6.3.1/../../../../arm-none-eabi/lib/thumb/v7e-m\libm.a(lib_a-w_atan2.o)
                              ..\obj\speed_control.o (atan2)
c:/program files (x86)/gnu tools arm embedded/6 2017-q2-update/bin/../lib/gcc/arm-none-eabi/6.3.1/../../../../arm-none-eabi/lib/thumb/v7e-m\libm.a(lib_a-e_atan2.o)
                              c:/program files (x86)/gnu tools arm embedded/6 2017-q2-update/bin/../lib/gcc/arm-none-eabi/6.3.1/../../../../arm-none-eabi/lib/thumb/v7e-m\libm.a(lib_a-w_atan2.o) (__ieee754_atan2)
c:/program files (x86)/gnu tools arm embedded/6 2017-q2-update/bin/../lib/gcc/arm-none-eabi/6.3.1/../../../../arm-none-eabi/lib/thumb/v7e-m\libm.a(lib_a-e_rem_pio2.o)
                              c:/program files (x86)/gnu tools arm embedded/6 2017-q2-update/bin/../lib/gcc/arm-none-eabi/6.3.1/../../../../arm-none-eabi/lib/thumb/v7e-m\libm.a(lib_a-s_cos.o) (__ieee754_rem_pio2)
c:/program files (x86)/gnu tools arm embedded/6 2017-q2-update/bin/../lib/gcc/arm-none-eabi/6.3.1/../../../../arm-none-eabi/lib/thumb/v7e-m\libm.a(lib_a-k_cos.o)
                              c:/program files (x86)/gnu tools arm embedded/6 2017-q2-update/bin/../lib/gcc/arm-none-eabi/6.3.1/../../../../arm-none-eabi/lib/thumb/v7e-m\libm.a(lib_a-s_cos.o) (__kernel_cos)
c:/program files (x86)/gnu tools arm embedded/6 2017-q2-update/bin/../lib/gcc/arm-none-eabi/6.3.1/../../../../arm-none-eabi/lib/thumb/v7e-m\libm.a(lib_a-k_rem_pio2.o)
                              c:/program files (x86)/gnu tools arm embedded/6 2017-q2-update/bin/../lib/gcc/arm-none-eabi/6.3.1/../../../../arm-none-eabi/lib/thumb/v7e-m\libm.a(lib_a-e_rem_pio2.o) (__kernel_rem_pio2)
c:/program files (x86)/gnu tools arm embedded/6 2017-q2-update/bin/../lib/gcc/arm-none-eabi/6.3.1/../../../../arm-none-eabi/lib/thumb/v7e-m\libm.a(lib_a-k_sin.o)
                              c:/program files (x86)/gnu tools arm embedded/6 2017-q2-update/bin/../lib/gcc/arm-none-eabi/6.3.1/../../../../arm-none-eabi/lib/thumb/v7e-m\libm.a(lib_a-s_cos.o) (__kernel_sin)
c:/program files (x86)/gnu tools arm embedded/6 2017-q2-update/bin/../lib/gcc/arm-none-eabi/6.3.1/../../../../arm-none-eabi/lib/thumb/v7e-m\libm.a(lib_a-s_atan.o)
                              c:/program files (x86)/gnu tools arm embedded/6 2017-q2-update/bin/../lib/gcc/arm-none-eabi/6.3.1/../../../../arm-none-eabi/lib/thumb/v7e-m\libm.a(lib_a-e_atan2.o) (atan)
c:/program files (x86)/gnu tools arm embedded/6 2017-q2-update/bin/../lib/gcc/arm-none-eabi/6.3.1/../../../../arm-none-eabi/lib/thumb/v7e-m\libm.a(lib_a-s_fabs.o)
                              c:/program files (x86)/gnu tools arm embedded/6 2017-q2-update/bin/../lib/gcc/arm-none-eabi/6.3.1/../../../../arm-none-eabi/lib/thumb/v7e-m\libm.a(lib_a-e_atan2.o) (fabs)
c:/program files (x86)/gnu tools arm embedded/6 2017-q2-update/bin/../lib/gcc/arm-none-eabi/6.3.1/../../../../arm-none-eabi/lib/thumb/v7e-m\libm.a(lib_a-s_floor.o)
                              c:/program files (x86)/gnu tools arm embedded/6 2017-q2-update/bin/../lib/gcc/arm-none-eabi/6.3.1/../../../../arm-none-eabi/lib/thumb/v7e-m\libm.a(lib_a-k_rem_pio2.o) (floor)
c:/program files (x86)/gnu tools arm embedded/6 2017-q2-update/bin/../lib/gcc/arm-none-eabi/6.3.1/../../../../arm-none-eabi/lib/thumb/v7e-m\libm.a(lib_a-s_scalbn.o)
                              c:/program files (x86)/gnu tools arm embedded/6 2017-q2-update/bin/../lib/gcc/arm-none-eabi/6.3.1/../../../../arm-none-eabi/lib/thumb/v7e-m\libm.a(lib_a-k_rem_pio2.o) (scalbn)
c:/program files (x86)/gnu tools arm embedded/6 2017-q2-update/bin/../lib/gcc/arm-none-eabi/6.3.1/../../../../arm-none-eabi/lib/thumb/v7e-m\libm.a(lib_a-s_copysign.o)
                              c:/program files (x86)/gnu tools arm embedded/6 2017-q2-update/bin/../lib/gcc/arm-none-eabi/6.3.1/../../../../arm-none-eabi/lib/thumb/v7e-m\libm.a(lib_a-s_scalbn.o) (copysign)
c:/program files (x86)/gnu tools arm embedded/6 2017-q2-update/bin/../lib/gcc/arm-none-eabi/6.3.1/thumb/v7e-m\libgcc.a(_arm_addsubdf3.o)
                              ..\obj\tm_stm32f4_rotary_encoder.o (__aeabi_dsub)
c:/program files (x86)/gnu tools arm embedded/6 2017-q2-update/bin/../lib/gcc/arm-none-eabi/6.3.1/thumb/v7e-m\libgcc.a(_arm_muldivdf3.o)
                              ..\obj\odometry.o (__aeabi_dmul)
c:/program files (x86)/gnu tools arm embedded/6 2017-q2-update/bin/../lib/gcc/arm-none-eabi/6.3.1/thumb/v7e-m\libgcc.a(_arm_cmpdf2.o)
[...]
Memory Configuration

Name             Origin             Length             Attributes
rom              0x08000000         0x00100000         xr
ram              0x20000000         0x00020000         xrw
ram1             0x10000000         0x00010000         xrw
*default*        0x00000000         0xffffffff

Linker script and memory map

                0x20020000                _eram = 0x20020000

.text           0x08000000     0x7888
 *(.isr_vector)
 .isr_vector    0x08000000      0x188 ..\obj\startup_stm32f4xx.o
                0x08000000                g_pfnVectors
 *(.text*)
 .text.init_USART
                0x08000188       0xc8 ..\obj\uart_node.o
                0x08000188                init_USART
 .text.USART2_IRQHandler
                0x08000250      0x218 ..\obj\uart_node.o
                0x08000250                USART2_IRQHandler
 .text.init_node
                0x08000468        0xc ..\obj\uart_node.o
                0x08000468                init_node
 .text.SYSCFG_EXTILineConfig
                0x08000474       0x84 ..\obj\stm32f4xx_syscfg.o
                0x08000474                SYSCFG_EXTILineConfig
 .text.USART_DeInit
                0x080004f8       0xd4 ..\obj\stm32f4xx_usart.o
                0x080004f8                USART_DeInit
 .text.USART_Init
                0x080005cc      0x174 ..\obj\stm32f4xx_usart.o
                0x080005cc                USART_Init
 .text.USART_Cmd
                0x08000740       0x3e ..\obj\stm32f4xx_usart.o
                0x08000740                USART_Cmd
 .text.USART_SendData
                0x0800077e       0x22 ..\obj\stm32f4xx_usart.o
                0x0800077e                USART_SendData
 .text.USART_ReceiveData
                0x080007a0       0x1e ..\obj\stm32f4xx_usart.o
                0x080007a0                USART_ReceiveData
 .text.USART_ITConfig
                0x080007be       0x8e ..\obj\stm32f4xx_usart.o
                0x080007be                USART_ITConfig
 .text.USART_GetITStatus
                0x0800084c       0xb4 ..\obj\stm32f4xx_usart.o
                0x0800084c                USART_GetITStatus
 .text.Default_Reset_Handler
                0x08000900       0x60 ..\obj\startup_stm32f4xx.o
                0x08000900                Default_Reset_Handler
                0x08000900                Reset_Handler
 .text.Default_Handler
                0x08000960        0x6 ..\obj\startup_stm32f4xx.o
                0x08000960                RTC_Alarm_IRQHandler
                0x08000960                HASH_RNG_IRQHandler
                0x08000960                TIM8_CC_IRQHandler
                0x08000960                DebugMon_Handler
                0x08000960                TIM1_CC_IRQHandler
                0x08000960                DMA2_Stream5_IRQHandler
                0x08000960                HardFault_Handler
                0x08000960                DMA1_Stream5_IRQHandler
                0x08000960                PVD_IRQHandler
                0x08000960                SDIO_IRQHandler
                0x08000960                TAMP_STAMP_IRQHandler
                0x08000960                PendSV_Handler
                0x08000960                NMI_Handler
                0x08000960                CAN2_RX1_IRQHandler
                0x08000960                TIM8_TRG_COM_TIM14_IRQHandler
                0x08000960                TIM1_UP_TIM10_IRQHandler
                0x08000960                TIM8_UP_TIM13_IRQHandler
                0x08000960                I2C3_ER_IRQHandler
                0x08000960                I2C2_EV_IRQHandler
                0x08000960                DMA1_Stream2_IRQHandler
                0x08000960                CAN1_RX0_IRQHandler
                0x08000960                FPU_IRQHandler
                0x08000960                OTG_HS_WKUP_IRQHandler
                0x08000960                UsageFault_Handler
                0x08000960                CAN2_SCE_IRQHandler
                0x08000960                DMA2_Stream2_IRQHandler
                0x08000960                SPI1_IRQHandler
                0x08000960                TIM6_DAC_IRQHandler
                0x08000960                TIM1_BRK_TIM9_IRQHandler
                0x08000960                DCMI_IRQHandler
                0x08000960                CAN2_RX0_IRQHandler
                0x08000960                DMA2_Stream3_IRQHandler
                0x08000960                USART6_IRQHandler
                0x08000960                CRYP_IRQHandler
                0x08000960                CAN1_RX1_IRQHandler
                0x08000960                UART5_IRQHandler
                0x08000960                DMA2_Stream0_IRQHandler
                0x08000960                TIM4_IRQHandler
                0x08000960                I2C1_EV_IRQHandler
                0x08000960                DMA1_Stream6_IRQHandler
                0x08000960                DMA1_Stream1_IRQHandler
                0x08000960                UART4_IRQHandler
                0x08000960                TIM3_IRQHandler
                0x08000960                RCC_IRQHandler
                0x08000960                TIM8_BRK_TIM12_IRQHandler
                0x08000960                EXTI15_10_IRQHandler
                0x08000960                ADC_IRQHandler
                0x08000960                DMA1_Stream7_IRQHandler
                0x08000960                TIM7_IRQHandler
                0x08000960                CAN2_TX_IRQHandler
                0x08000960                DMA2_Stream7_IRQHandler
                0x08000960                I2C3_EV_IRQHandler
                0x08000960                RTC_WKUP_IRQHandler
                0x08000960                ETH_WKUP_IRQHandler
                0x08000960                SPI2_IRQHandler
                0x08000960                OTG_HS_EP1_IN_IRQHandler
                0x08000960                MemManage_Handler
                0x08000960                DMA1_Stream0_IRQHandler
                0x08000960                CAN1_TX_IRQHandler
                0x08000960                SVC_Handler
                0x08000960                FSMC_IRQHandler
                0x08000960                ETH_IRQHandler
                0x08000960                OTG_HS_EP1_OUT_IRQHandler
                0x08000960                WWDG_IRQHandler
                0x08000960                OTG_FS_WKUP_IRQHandler
                0x08000960                TIM1_TRG_COM_TIM11_IRQHandler
                0x08000960                OTG_HS_IRQHandler
                0x08000960                I2C2_ER_IRQHandler
                0x08000960                DMA2_Stream1_IRQHandler
                0x08000960                CAN1_SCE_IRQHandler
                0x08000960                FLASH_IRQHandler
                0x08000960                DMA2_Stream4_IRQHandler
                0x08000960                BusFault_Handler
                0x08000960                USART1_IRQHandler
                0x08000960                OTG_FS_IRQHandler
                0x08000960                SPI3_IRQHandler
                0x08000960                DMA1_Stream4_IRQHandler
                0x08000960                I2C1_ER_IRQHandler
                0x08000960                DMA2_Stream6_IRQHandler
                0x08000960                DMA1_Stream3_IRQHandler
 *fill*         0x08000966        0x2 
 .text.TM_TIMER_Init
                0x08000968       0x44 ..\obj\pwm_motor.o
                0x08000968                TM_TIMER_Init
 .text.init_pwm
                0x080009ac       0x88 ..\obj\pwm_motor.o
                0x080009ac                init_pwm
 .text.init_motor
                0x08000a34       0xbc ..\obj\pwm_motor.o
                0x08000a34                init_motor
 .text.motorDC  0x08000af0      0x138 ..\obj\pwm_motor.o
                0x08000af0                motorDC
 .text.main     0x08000c28       0x64 ..\obj\main.o
                0x08000c28                main
 .text.RCC_HSEConfig
                0x08000c8c       0x24 ..\obj\stm32f4xx_rcc.o
                0x08000c8c                RCC_HSEConfig
 .text.RCC_WaitForHSEStartUp
                0x08000cb0       0x50 ..\obj\stm32f4xx_rcc.o
                0x08000cb0                RCC_WaitForHSEStartUp
 .text.RCC_GetClocksFreq
                0x08000d00      0x150 ..\obj\stm32f4xx_rcc.o
                0x08000d00                RCC_GetClocksFreq
 .text.RCC_AHB1PeriphClockCmd
                0x08000e50       0x3c ..\obj\stm32f4xx_rcc.o
                0x08000e50                RCC_AHB1PeriphClockCmd
 .text.RCC_APB1PeriphClockCmd
                0x08000e8c       0x3c ..\obj\stm32f4xx_rcc.o
                0x08000e8c                RCC_APB1PeriphClockCmd
 .text.RCC_APB2PeriphClockCmd
                0x08000ec8       0x3c ..\obj\stm32f4xx_rcc.o
                0x08000ec8                RCC_APB2PeriphClockCmd
 .text.RCC_APB1PeriphResetCmd
                0x08000f04       0x3c ..\obj\stm32f4xx_rcc.o
                0x08000f04                RCC_APB1PeriphResetCmd
 .text.RCC_APB2PeriphResetCmd
                0x08000f40       0x3c ..\obj\stm32f4xx_rcc.o
                0x08000f40                RCC_APB2PeriphResetCmd
 .text.RCC_GetFlagStatus
                0x08000f7c       0x74 ..\obj\stm32f4xx_rcc.o
                0x08000f7c                RCC_GetFlagStatus
 .text.PutChar  0x08000ff0       0x1e ..\obj\printf.o
                0x08000ff0                PutChar
 .text.PutString
                0x0800100e       0x3a ..\obj\printf.o
                0x0800100e                PutString
 .text.PutUnsignedInt
                0x08001048       0x9c ..\obj\printf.o
                0x08001048                PutUnsignedInt
 .text.PutSignedInt
                0x080010e4       0xf8 ..\obj\printf.o
                0x080010e4                PutSignedInt
 .text.PutHexa  0x080011dc       0xd4 ..\obj\printf.o
                0x080011dc                PutHexa
 .text.vsnprintf
                0x080012b0      0x254 ..\obj\printf.o
                0x080012b0                vsnprintf
 .text.vsprintf
                0x08001504       0x22 ..\obj\printf.o
                0x08001504                vsprintf
 .text.sprintf  0x08001526       0x2c ..\obj\printf.o
                0x08001526                sprintf
 *fill*         0x08001552        0x2 
 .text.TM_RE_Init
                0x08001554       0xb8 ..\obj\tm_stm32f4_rotary_encoder.o
                0x08001554                TM_RE_Init
 .text.InitSecondEncoder
                0x0800160c       0xb8 ..\obj\tm_stm32f4_rotary_encoder.o
                0x0800160c                InitSecondEncoder
 .text.InitThirdEncoder
                0x080016c4       0xb8 ..\obj\tm_stm32f4_rotary_encoder.o
                0x080016c4                InitThirdEncoder
 .text.InitFourthEncoder
                0x0800177c       0xb8 ..\obj\tm_stm32f4_rotary_encoder.o
                0x0800177c                InitFourthEncoder
 .text.InitFifthEncoder
                0x08001834       0xb8 ..\obj\tm_stm32f4_rotary_encoder.o
                0x08001834                InitFifthEncoder
 .text.InitSixthEncoder
                0x080018ec       0xb8 ..\obj\tm_stm32f4_rotary_encoder.o
                0x080018ec                InitSixthEncoder
 .text.TM_RE_Get
                0x080019a4       0x78 ..\obj\tm_stm32f4_rotary_encoder.o
                0x080019a4                TM_RE_Get
 .text.SecondGet
                0x08001a1c       0x78 ..\obj\tm_stm32f4_rotary_encoder.o
                0x08001a1c                SecondGet
 .text.ThirdGet
                0x08001a94       0x78 ..\obj\tm_stm32f4_rotary_encoder.o
                0x08001a94                ThirdGet
 .text.FourthGet
                0x08001b0c       0x78 ..\obj\tm_stm32f4_rotary_encoder.o
                0x08001b0c                FourthGet
 .text.FifthGet
                0x08001b84       0x78 ..\obj\tm_stm32f4_rotary_encoder.o
                0x08001b84                FifthGet
 .text.SixthGet
                0x08001bfc       0x78 ..\obj\tm_stm32f4_rotary_encoder.o
                0x08001bfc                SixthGet
 .text.TM_RE_Process
                0x08001c74       0x68 ..\obj\tm_stm32f4_rotary_encoder.o
                0x08001c74                TM_RE_Process
 .text.SecondProcess
                0x08001cdc       0x68 ..\obj\tm_stm32f4_rotary_encoder.o
                0x08001cdc                SecondProcess
 .text.ThirdProcess
                0x08001d44       0x68 ..\obj\tm_stm32f4_rotary_encoder.o
                0x08001d44                ThirdProcess
 .text.FourthProcess
                0x08001dac       0x68 ..\obj\tm_stm32f4_rotary_encoder.o
                0x08001dac                FourthProcess
 .text.FifthProcess
                0x08001e14       0x68 ..\obj\tm_stm32f4_rotary_encoder.o
                0x08001e14                FifthProcess
 .text.SixthProcess
                0x08001e7c       0x68 ..\obj\tm_stm32f4_rotary_encoder.o
                0x08001e7c                SixthProcess
 .text.EXTI0_IRQHandler
                0x08001ee4       0x1e ..\obj\tm_stm32f4_rotary_encoder.o
                0x08001ee4                EXTI0_IRQHandler
 .text.EXTI1_IRQHandler
                0x08001f02       0x1e ..\obj\tm_stm32f4_rotary_encoder.o
                0x08001f02                EXTI1_IRQHandler
 .text.EXTI2_IRQHandler
                0x08001f20       0x1e ..\obj\tm_stm32f4_rotary_encoder.o
                0x08001f20                EXTI2_IRQHandler
 .text.EXTI3_IRQHandler
                0x08001f3e       0x1e ..\obj\tm_stm32f4_rotary_encoder.o
                0x08001f3e                EXTI3_IRQHandler
 .text.EXTI4_IRQHandler
                0x08001f5c       0x1e ..\obj\tm_stm32f4_rotary_encoder.o
                0x08001f5c                EXTI4_IRQHandler
 .text.EXTI9_5_IRQHandler
                0x08001f7a       0x1e ..\obj\tm_stm32f4_rotary_encoder.o
                0x08001f7a                EXTI9_5_IRQHandler
 .text.NVIC_SetPriority
                0x08001f98       0x54 ..\obj\tm_stm32f4_delay.o
 .text.SysTick_Config
                0x08001fec       0x44 ..\obj\tm_stm32f4_delay.o
 .text.Delayms  0x08002030       0x30 ..\obj\tm_stm32f4_delay.o
                0x08002030                Delayms
 .text.SysTick_Handler
                0x08002060       0x48 ..\obj\tm_stm32f4_delay.o
                0x08002060                SysTick_Handler
 .text.TM_DELAY_Init
                0x080020a8       0x50 ..\obj\tm_stm32f4_delay.o
                0x080020a8                TM_DELAY_Init
 .text.GPIO_Init
                0x080020f8      0x11a ..\obj\stm32f4xx_gpio.o
                0x080020f8                GPIO_Init
 .text.GPIO_ReadInputDataBit
                0x08002212       0x32 ..\obj\stm32f4xx_gpio.o
                0x08002212                GPIO_ReadInputDataBit
 .text.GPIO_SetBits
                0x08002244       0x1c ..\obj\stm32f4xx_gpio.o
                0x08002244                GPIO_SetBits
 .text.GPIO_ResetBits
                0x08002260       0x1c ..\obj\stm32f4xx_gpio.o
                0x08002260                GPIO_ResetBits
 .text.GPIO_PinAFConfig
                0x0800227c       0x90 ..\obj\stm32f4xx_gpio.o
                0x0800227c                GPIO_PinAFConfig
 .text.init_handle
                0x0800230c       0x64 ..\obj\mekanisme_penendang.o
                0x0800230c                init_handle
 .text.init_penendang
                0x08002370       0x38 ..\obj\mekanisme_penendang.o
                0x08002370                init_penendang
 .text.handleRotateIn
                0x080023a8       0x44 ..\obj\mekanisme_penendang.o
                0x080023a8                handleRotateIn
 .text.lcd_clear
                0x080023ec       0x16 ..\obj\lcd_16x2.o
                0x080023ec                lcd_clear
 .text.lcd_putsf
                0x08002402       0x3e ..\obj\lcd_16x2.o
                0x08002402                lcd_putsf
 .text.P_LCD_2x16_PinLo
                0x08002440       0x40 ..\obj\lcd_16x2.o
                0x08002440                P_LCD_2x16_PinLo
 .text.P_LCD_2x16_PinHi
                0x08002480       0x40 ..\obj\lcd_16x2.o
                0x08002480                P_LCD_2x16_PinHi
 .text.P_LCD_2x16_Clk
                0x080024c0       0x24 ..\obj\lcd_16x2.o
                0x080024c0                P_LCD_2x16_Clk
 .text.P_LCD_2x16_Cmd
                0x080024e4       0xde ..\obj\lcd_16x2.o
                0x080024e4                P_LCD_2x16_Cmd
 .text.P_LCD_2x16_Data
                0x080025c2       0xde ..\obj\lcd_16x2.o
                0x080025c2                P_LCD_2x16_Data
 .text.lcd_gotoxy
                0x080026a0       0x4a ..\obj\lcd_16x2.o
                0x080026a0                lcd_gotoxy
 .text.P_LCD_2x16_Delay
                0x080026ea       0x1e ..\obj\lcd_16x2.o
                0x080026ea                P_LCD_2x16_Delay
 .text.SystemInit
                0x08002708       0x5c ..\obj\system_stm32f4xx.o
                0x08002708                SystemInit
 .text.SetSysClock
                0x08002764       0xf4 ..\obj\system_stm32f4xx.o
 .text.fungsiautosudut
                0x08002858       0x1c ..\obj\uart_camera.o
                0x08002858                fungsiautosudut
 .text.init_camera
                0x08002874       0xd8 ..\obj\uart_camera.o
                0x08002874                init_camera
 *fill*         0x0800294c        0x4 
 .text.USART3_IRQHandler
                0x08002950      0x388 ..\obj\uart_camera.o
                0x08002950                USART3_IRQHandler
 .text.InitializeTimer
                0x08002cd8       0x4e ..\obj\speed_control.o
                0x08002cd8                InitializeTimer
 .text.EnableTimerInterrupt
                0x08002d26       0x26 ..\obj\speed_control.o
                0x08002d26                EnableTimerInterrupt
 .text.init_speed_control
                0x08002d4c       0x5c ..\obj\speed_control.o
                0x08002d4c                init_speed_control
 .text.odoInit  0x08002da8      0x12c ..\obj\speed_control.o
                0x08002da8                odoInit
 .text.pidInit  0x08002ed4       0x78 ..\obj\speed_control.o
                0x08002ed4                pidInit
 .text.resetInit
                0x08002f4c       0xb8 ..\obj\speed_control.o
                0x08002f4c                resetInit
 .text.TIM2_IRQHandler
                0x08003004      0x3c8 ..\obj\speed_control.o
                0x08003004                TIM2_IRQHandler
 *fill*         0x080033cc        0x4 
 .text.moveInput
                0x080033d0      0x4f4 ..\obj\speed_control.o
                0x080033d0                moveInput
 *fill*         0x080038c4        0x4 
 .text.calculatePosition
                0x080038c8      0x638 ..\obj\speed_control.o
                0x080038c8                calculatePosition
 .text.calculatePID
                0x08003f00      0x118 ..\obj\speed_control.o
                0x08003f00                calculatePID
 .text.kinematic
                0x08004018      0x23c ..\obj\speed_control.o
                0x08004018                kinematic
 .text.maju     0x08004254       0x38 ..\obj\speed_control.o
                0x08004254                maju
 .text.mundur   0x0800428c       0x38 ..\obj\speed_control.o
                0x0800428c                mundur
 .text.kanan    0x080042c4       0x38 ..\obj\speed_control.o
                0x080042c4                kanan
 .text.kiri     0x080042fc       0x38 ..\obj\speed_control.o
                0x080042fc                kiri
 .text.stop     0x08004334       0x28 ..\obj\speed_control.o
                0x08004334                stop
 .text.EXTI_Init
                0x0800435c       0xe4 ..\obj\stm32f4xx_exti.o
                0x0800435c                EXTI_Init
 .text.EXTI_GetITStatus
                0x08004440       0x48 ..\obj\stm32f4xx_exti.o
                0x08004440                EXTI_GetITStatus
 .text.EXTI_ClearITPendingBit
                0x08004488       0x1c ..\obj\stm32f4xx_exti.o
                0x08004488                EXTI_ClearITPendingBit
 .text.NVIC_Init
                0x080044a4       0xc4 ..\obj\misc.o
                0x080044a4                NVIC_Init
 .text.printData
                0x08004568       0x80 ..\obj\localization.o
                0x08004568                printData
 .text.init_proximity
                0x080045e8      0x16c ..\obj\localization.o
                0x080045e8                init_proximity
 .text.getProxy
                0x08004754       0x74 ..\obj\localization.o
                0x08004754                getProxy
 .text.TIM5_IRQHandler
                0x080047c8       0x28 ..\obj\localization.o
                0x080047c8                TIM5_IRQHandler
 .text.TIM_TimeBaseInit
                0x080047f0       0xd4 ..\obj\stm32f4xx_tim.o
                0x080047f0                TIM_TimeBaseInit
 .text.TIM_Cmd  0x080048c4       0x3e ..\obj\stm32f4xx_tim.o
                0x080048c4                TIM_Cmd
 *fill*         0x08004902        0x2 
 .text.TIM_OC1Init
                0x08004904       0xf4 ..\obj\stm32f4xx_tim.o
                0x08004904                TIM_OC1Init
 .text.TIM_OC2Init
                0x080049f8      0x110 ..\obj\stm32f4xx_tim.o
                0x080049f8                TIM_OC2Init
 .text.TIM_OC3Init
                0x08004b08      0x10c ..\obj\stm32f4xx_tim.o
                0x08004b08                TIM_OC3Init
 .text.TIM_OC4Init
                0x08004c14       0xcc ..\obj\stm32f4xx_tim.o
                0x08004c14                TIM_OC4Init
 .text.TIM_OC1PreloadConfig
                0x08004ce0       0x36 ..\obj\stm32f4xx_tim.o
                0x08004ce0                TIM_OC1PreloadConfig
 .text.TIM_OC2PreloadConfig
                0x08004d16       0x3a ..\obj\stm32f4xx_tim.o
                0x08004d16                TIM_OC2PreloadConfig
 .text.TIM_OC3PreloadConfig
                0x08004d50       0x36 ..\obj\stm32f4xx_tim.o
                0x08004d50                TIM_OC3PreloadConfig
 .text.TIM_OC4PreloadConfig
                0x08004d86       0x3a ..\obj\stm32f4xx_tim.o
                0x08004d86                TIM_OC4PreloadConfig
 .text.TIM_ITConfig
                0x08004dc0       0x46 ..\obj\stm32f4xx_tim.o
                0x08004dc0                TIM_ITConfig
 .text.TIM_GetITStatus
                0x08004e06       0x52 ..\obj\stm32f4xx_tim.o
                0x08004e06                TIM_GetITStatus
 .text.TIM_ClearITPendingBit
                0x08004e58       0x20 ..\obj\stm32f4xx_tim.o
                0x08004e58                TIM_ClearITPendingBit
 .text.cos      0x08004e78       0x94 c:/program files (x86)/gnu tools arm embedded/6 2017-q2-update/bin/../lib/gcc/arm-none-eabi/6.3.1/../../../../arm-none-eabi/lib/thumb/v7e-m\libm.a(lib_a-s_cos.o)
                0x08004e78                cos
 .text.sin      0x08004f0c       0x88 c:/program files (x86)/gnu tools arm embedded/6 2017-q2-update/bin/../lib/gcc/arm-none-eabi/6.3.1/../../../../arm-none-eabi/lib/thumb/v7e-m\libm.a(lib_a-s_sin.o)
                0x08004f0c                sin
 .text.atan2    0x08004f94        0x4 c:/program files (x86)/gnu tools arm embedded/6 2017-q2-update/bin/../lib/gcc/arm-none-eabi/6.3.1/../../../../arm-none-eabi/lib/thumb/v7e-m\libm.a(lib_a-w_atan2.o)
                0x08004f94                atan2
 .text.__ieee754_atan2
                0x08004f98      0x1d4 c:/program files (x86)/gnu tools arm embedded/6 2017-q2-update/bin/../lib/gcc/arm-none-eabi/6.3.1/../../../../arm-none-eabi/lib/thumb/v7e-m\libm.a(lib_a-e_atan2.o)
                0x08004f98                __ieee754_atan2
 *fill*         0x0800516c        0x4 
 .text.__ieee754_rem_pio2
                0x08005170      0x444 c:/program files (x86)/gnu tools arm embedded/6 2017-q2-update/bin/../lib/gcc/arm-none-eabi/6.3.1/../../../../arm-none-eabi/lib/thumb/v7e-m\libm.a(lib_a-e_rem_pio2.o)
                0x08005170                __ieee754_rem_pio2
 *fill*         0x080055b4        0x4 
 .text.__kernel_cos
                0x080055b8      0x248 c:/program files (x86)/gnu tools arm embedded/6 2017-q2-update/bin/../lib/gcc/arm-none-eabi/6.3.1/../../../../arm-none-eabi/lib/thumb/v7e-m\libm.a(lib_a-k_cos.o)
                0x080055b8                __kernel_cos
 .text.__kernel_rem_pio2
                0x08005800      0x88c c:/program files (x86)/gnu tools arm embedded/6 2017-q2-update/bin/../lib/gcc/arm-none-eabi/6.3.1/../../../../arm-none-eabi/lib/thumb/v7e-m\libm.a(lib_a-k_rem_pio2.o)
                0x08005800                __kernel_rem_pio2
 *fill*         0x0800608c        0x4 
 .text.__kernel_sin
                0x08006090      0x16c c:/program files (x86)/gnu tools arm embedded/6 2017-q2-update/bin/../lib/gcc/arm-none-eabi/6.3.1/../../../../arm-none-eabi/lib/thumb/v7e-m\libm.a(lib_a-k_sin.o)
                0x08006090                __kernel_sin
 *fill*         0x080061fc        0x4 
 .text.atan     0x08006200      0x344 c:/program files (x86)/gnu tools arm embedded/6 2017-q2-update/bin/../lib/gcc/arm-none-eabi/6.3.1/../../../../arm-none-eabi/lib/thumb/v7e-m\libm.a(lib_a-s_atan.o)
                0x08006200                atan
 .text.fabs     0x08006544        0x8 c:/program files (x86)/gnu tools arm embedded/6 2017-q2-update/bin/../lib/gcc/arm-none-eabi/6.3.1/../../../../arm-none-eabi/lib/thumb/v7e-m\libm.a(lib_a-s_fabs.o)
                0x08006544                fabs
 *fill*         0x0800654c        0x4 
 .text.floor    0x08006550      0x118 c:/program files (x86)/gnu tools arm embedded/6 2017-q2-update/bin/../lib/gcc/arm-none-eabi/6.3.1/../../../../arm-none-eabi/lib/thumb/v7e-m\libm.a(lib_a-s_floor.o)
                0x08006550                floor
 .text.scalbn   0x08006668       0xfc c:/program files (x86)/gnu tools arm embedded/6 2017-q2-update/bin/../lib/gcc/arm-none-eabi/6.3.1/../../../../arm-none-eabi/lib/thumb/v7e-m\libm.a(lib_a-s_scalbn.o)
                0x08006668                scalbn
 .text.copysign
                0x08006764       0x10 c:/program files (x86)/gnu tools arm embedded/6 2017-q2-update/bin/../lib/gcc/arm-none-eabi/6.3.1/../../../../arm-none-eabi/lib/thumb/v7e-m\libm.a(lib_a-s_copysign.o)
                0x08006764                copysign
 .text          0x08006774      0x370 c:/program files (x86)/gnu tools arm embedded/6 2017-q2-update/bin/../lib/gcc/arm-none-eabi/6.3.1/thumb/v7e-m\libgcc.a(_arm_addsubdf3.o)
                0x08006774                __aeabi_drsub
                0x0800677c                __aeabi_dsub
                0x0800677c                __subdf3
                0x08006780                __aeabi_dadd
                0x08006780                __adddf3
                0x080069f8                __floatunsidf
                0x080069f8                __aeabi_ui2d
                0x08006a18                __floatsidf
                0x08006a18                __aeabi_i2d
                0x08006a3c                __aeabi_f2d
                0x08006a3c                __extendsfdf2
                0x08006a78                __floatundidf
                0x08006a78                __aeabi_ul2d
                0x08006a88                __floatdidf
                0x08006a88                __aeabi_l2d
 .text          0x08006ae4      0x424 c:/program files (x86)/gnu tools arm embedded/6 2017-q2-update/bin/../lib/gcc/arm-none-eabi/6.3.1/thumb/v7e-m\libgcc.a(_arm_muldivdf3.o)
                0x08006ae4                __aeabi_dmul
                0x08006ae4                __muldf3
                0x08006d38                __divdf3
                0x08006d38                __aeabi_ddiv
 .text          0x08006f08      0x110 c:/program files (x86)/gnu tools arm embedded/6 2017-q2-update/bin/../lib/gcc/arm-none-eabi/6.3.1/thumb/v7e-m\libgcc.a(_arm_cmpdf2.o)
                0x08006f08                __gtdf2
                0x08006f08                __gedf2
                0x08006f10                __ltdf2
                0x08006f10                __ledf2
                0x08006f18                __nedf2
                0x08006f18                __eqdf2
                0x08006f18                __cmpdf2
                0x08006f94                __aeabi_cdrcmple
                0x08006fa4                __aeabi_cdcmpeq
                0x08006fa4                __aeabi_cdcmple
                0x08006fb4                __aeabi_dcmpeq
                0x08006fc8                __aeabi_dcmplt
                0x08006fdc                __aeabi_dcmple
                0x08006ff0                __aeabi_dcmpge
                0x08007004                __aeabi_dcmpgt
 .text          0x08007018       0x50 c:/program files (x86)/gnu tools arm embedded/6 2017-q2-update/bin/../lib/gcc/arm-none-eabi/6.3.1/thumb/v7e-m\libgcc.a(_arm_fixdfsi.o)
                0x08007018                __aeabi_d2iz
                0x08007018                __fixdfsi
 .text          0x08007068       0x40 c:/program files (x86)/gnu tools arm embedded/6 2017-q2-update/bin/../lib/gcc/arm-none-eabi/6.3.1/thumb/v7e-m\libgcc.a(_arm_fixunsdfsi.o)
                0x08007068                __aeabi_d2uiz
                0x08007068                __fixunsdfsi
 .text          0x080070a8      0x21c c:/program files (x86)/gnu tools arm embedded/6 2017-q2-update/bin/../lib/gcc/arm-none-eabi/6.3.1/thumb/v7e-m\libgcc.a(_arm_addsubsf3.o)
                0x080070a8                __aeabi_frsub
                0x080070b0                __subsf3
                0x080070b0                __aeabi_fsub
                0x080070b4                __aeabi_fadd
                0x080070b4                __addsf3
                0x08007214                __aeabi_ui2f
                0x08007214                __floatunsisf
                0x0800721c                __aeabi_i2f
                0x0800721c                __floatsisf
                0x08007238                __aeabi_ul2f
                0x08007238                __floatundisf
                0x08007248                __aeabi_l2f
                0x08007248                __floatdisf
 .text          0x080072c4      0x2a0 c:/program files (x86)/gnu tools arm embedded/6 2017-q2-update/bin/../lib/gcc/arm-none-eabi/6.3.1/thumb/v7e-m\libgcc.a(_arm_muldivsf3.o)
                0x080072c4                __mulsf3
                0x080072c4                __aeabi_fmul
                0x0800742c                __aeabi_fdiv
                0x0800742c                __divsf3
 .text          0x08007564       0xec c:/program files (x86)/gnu tools arm embedded/6 2017-q2-update/bin/../lib/gcc/arm-none-eabi/6.3.1/thumb/v7e-m\libgcc.a(_arm_cmpsf2.o)
                0x08007564                __gesf2
                0x08007564                __gtsf2
                0x0800756c                __lesf2
                0x0800756c                __ltsf2
                0x08007574                __nesf2
                0x08007574                __eqsf2
                0x08007574                __cmpsf2
                0x080075d4                __aeabi_cfrcmple
                0x080075dc                __aeabi_cfcmpeq
                0x080075dc                __aeabi_cfcmple
                0x080075ec                __aeabi_fcmpeq
                0x08007600                __aeabi_fcmplt
                0x08007614                __aeabi_fcmple
                0x08007628                __aeabi_fcmpge
                0x0800763c                __aeabi_fcmpgt
 *(.init)
 *(.fini)
 *crtbegin.o(.ctors)
 *crtbegin?.o(.ctors)
 *(EXCLUDE_FILE(*crtend.o *crtend?.o) .ctors)
 *(SORT(.ctors.*))
 *(.ctors)
 *crtbegin.o(.dtors)
 *crtbegin?.o(.dtors)
 *(EXCLUDE_FILE(*crtend.o *crtend?.o) .dtors)
 *(SORT(.dtors.*))
 *(.dtors)
 *(.rodata*)
 .rodata        0x08007650       0x1f ..\obj\localization.o
 *fill*         0x0800766f        0x1 
 .rodata.npio2_hw
                0x08007670       0x80 c:/program files (x86)/gnu tools arm embedded/6 2017-q2-update/bin/../lib/gcc/arm-none-eabi/6.3.1/../../../../arm-none-eabi/lib/thumb/v7e-m\libm.a(lib_a-e_rem_pio2.o)
 .rodata.two_over_pi
                0x080076f0      0x108 c:/program files (x86)/gnu tools arm embedded/6 2017-q2-update/bin/../lib/gcc/arm-none-eabi/6.3.1/../../../../arm-none-eabi/lib/thumb/v7e-m\libm.a(lib_a-e_rem_pio2.o)
 .rodata.PIo2   0x080077f8       0x40 c:/program files (x86)/gnu tools arm embedded/6 2017-q2-update/bin/../lib/gcc/arm-none-eabi/6.3.1/../../../../arm-none-eabi/lib/thumb/v7e-m\libm.a(lib_a-k_rem_pio2.o)
 .rodata.init_jk
                0x08007838       0x10 c:/program files (x86)/gnu tools arm embedded/6 2017-q2-update/bin/../lib/gcc/arm-none-eabi/6.3.1/../../../../arm-none-eabi/lib/thumb/v7e-m\libm.a(lib_a-k_rem_pio2.o)
 .rodata.atanhi
                0x08007848       0x20 c:/program files (x86)/gnu tools arm embedded/6 2017-q2-update/bin/../lib/gcc/arm-none-eabi/6.3.1/../../../../arm-none-eabi/lib/thumb/v7e-m\libm.a(lib_a-s_atan.o)
 .rodata.atanlo
                0x08007868       0x20 c:/program files (x86)/gnu tools arm embedded/6 2017-q2-update/bin/../lib/gcc/arm-none-eabi/6.3.1/../../../../arm-none-eabi/lib/thumb/v7e-m\libm.a(lib_a-s_atan.o)
 *(.eh_fram e*)

.glue_7         0x08007888        0x0
 .glue_7        0x08007888        0x0 linker stubs

.glue_7t        0x08007888        0x0
 .glue_7t       0x08007888        0x0 linker stubs

.vfp11_veneer   0x08007888        0x0
 .vfp11_veneer  0x08007888        0x0 linker stubs

.v4_bx          0x08007888        0x0
 .v4_bx         0x08007888        0x0 linker stubs

.iplt           0x08007888        0x0
 .iplt          0x08007888        0x0 ..\obj\uart_node.o

.rel.dyn        0x08007888        0x0
 .rel.iplt      0x08007888        0x0 ..\obj\uart_node.o

.ARM.extab
 *(.ARM.extab* .gnu.linkonce.armextab.*)
                0x08007888                __exidx_start = .

.ARM.exidx
 *(.ARM.exidx* .gnu.linkonce.armexidx.*)
                0x08007888                __exidx_end = .
                0x08007888                __etext = .
                0x08007888                _sidata = __etext

.data           0x20000000       0xfc load address 0x08007888
                0x20000000                __data_start__ = .
                0x20000000                _sdata = __data_start__
 *(vtable)
 *(.data*)
 .data          0x20000000       0x10 ..\obj\stm32f4xx_rcc.o
 .data          0x20000010        0x6 ..\obj\tm_stm32f4_rotary_encoder.o
 *fill*         0x20000016        0x2 
 .data          0x20000018       0x78 ..\obj\lcd_16x2.o
                0x20000018                LCD_2X16
 .data          0x20000090       0x14 ..\obj\system_stm32f4xx.o
                0x20000090                SystemCoreClock
                0x20000094                AHBPrescTable
 *fill*         0x200000a4        0x4 
 .data          0x200000a8       0x54 ..\obj\speed_control.o
                0x200000a8                vRotate
                0x200000b0                time_sampling
                0x200000b8                min_pid_limit
                0x200000c0                max_pid_limit
                0x200000c8                min_pwm_limit
                0x200000d0                max_pwm_limit
                0x200000d8                abs1
                0x200000dc                abs2
                0x200000e0                ppr
                0x200000e8                robot_radius
                0x200000f0                wheel_radius
                0x200000f8                move_ccounter
                0x200000fc                . = ALIGN (0x4)
                [!provide]                PROVIDE (__preinit_array_start, .)
 *(.preinit_array)
                [!provide]                PROVIDE (__preinit_array_end, .)
                0x200000fc                . = ALIGN (0x4)
                [!provide]                PROVIDE (__init_array_start, .)
 *(SORT(.init_array.*))
 *(.init_array)
                [!provide]                PROVIDE (__init_array_end, .)
                0x200000fc                . = ALIGN (0x4)
                [!provide]                PROVIDE (__fini_array_start, .)
 *(SORT(.fini_array.*))
 *(.fini_array)
                [!provide]                PROVIDE (__fini_array_end, .)
 *(.jcr*)
                0x200000fc                . = ALIGN (0x4)
                0x200000fc                __data_end__ = .
                0x200000fc                _edata = __data_end__

.igot.plt       0x200000fc        0x0 load address 0x08007984
 .igot.plt      0x200000fc        0x0 ..\obj\uart_node.o

.bss            0x20000100      0x4f4 load address 0x08007988
                0x20000100                . = ALIGN (0x4)
                0x20000100                __bss_start__ = .
                0x20000100                _sbss = __bss_start__
 *(.bss*)
 .bss           0x20000100        0xd ..\obj\tm_stm32f4_delay.o
                0x2000010c                TM_DELAY_Initialized
 *fill*         0x2000010d        0x3 
 .bss           0x20000110        0x4 ..\obj\uart_camera.o
                0x20000110                autosudut
 *fill*         0x20000114        0x4 
 .bss           0x20000118      0x2f8 ..\obj\speed_control.o
                0x20000128                a
                0x20000130                b
                0x20000138                ballCoorX
                0x2000013c                ballCoorY
                0x20000140                sudutBall
                0x20000148                iterBall
                0x2000014c                avgxBall
                0x20000150                avgyBall
                0x20000154                rotaryCount
                0x20000158                lastCount
                0x2000015c                error
                0x2000015e                errorDua
                0x20000160                errorTiga
                0x20000162                errorEmpat
                0x20000164                rpm
                0x20000168                rpmDua
                0x2000016c                rpmTiga
                0x20000170                rpmEmpat
                0x20000174                setPointSatu
                0x20000176                setPointDua
                0x20000178                setPointTiga
                0x2000017a                setPointEmpat
                0x2000017c                output
                0x20000180                outputDua
                0x20000184                outputTiga
                0x20000188                outputEmpat
                0x2000018c                speed
                0x20000190                prevError
                0x20000192                derivError
                0x20000194                intError
                0x20000196                prevErrorDua
                0x20000198                derivErrorDua
                0x2000019a                intErrorDua
                0x2000019c                prevErrorTiga
                0x2000019e                derivErrorTiga
                0x200001a0                intErrorTiga
                0x200001a2                prevErrorEmpat
                0x200001a4                derivErrorEmpat
                0x200001a6                intErrorEmpat
                0x200001a8                sudut
                0x200001b0                current_x
                0x200001b8                current_y
                0x200001c0                current_w
                0x200001c8                current_w2
                0x200001d0                currentLocal_x
                0x200001d8                currentLocal_y
                0x200001e0                currentLocal_w
                0x200001e8                current_speed_1
                0x200001f0                current_speed_2
                0x200001f8                current_speed_3
                0x20000200                current_speed_4
                0x20000208                current_speed_5
                0x20000210                current_speed_6
                0x20000218                odo_local_vx
                0x20000220                odo_local_vy
                0x20000228                odo_local_w
                0x20000230                odo_global_vx
                0x20000238                odo_global_vy
                0x20000240                odo_global_w
                0x20000248                odo_global_vx_prev
                0x20000250                odo_global_vy_prev
                0x20000258                odo_global_w_prev
                0x20000260                tra_input_x
                0x20000268                tra_input_y
                0x20000270                tra_input_w
                0x20000278                tra_count_total_x
                0x20000280                tra_count_x
                0x20000288                tra_current_time_x
                0x20000290                tra_current_x
                0x20000298                last_tra_x
                0x200002a0                tra_count_total_y
                0x200002a8                tra_count_y
                0x200002b0                tra_current_time_y
                0x200002b8                tra_current_y
                0x200002c0                last_tra_y
                0x200002c8                tra_count_total_w
                0x200002d0                tra_count_w
                0x200002d8                tra_current_time_w
                0x200002e0                tra_current_w
                0x200002e8                last_tra_w
                0x200002f0                is_tra_x_done
                0x200002f4                is_tra_y_done
                0x200002f8                is_tra_w_done
                0x200002fc                is_tra_sin
                0x20000300                int_is_counted_up
                0x20000308                pid_current_x
                0x20000310                pid_error_x
                0x20000318                pid_proportional_x
                0x20000320                pid_integral_x
                0x20000328                pid_derivative_x
                0x20000330                pid_current_y
                0x20000338                pid_error_y
                0x20000340                pid_proportional_y
                0x20000348                pid_integral_y
                0x20000350                pid_derivative_y
                0x20000358                pid_current_w
                0x20000360                pid_error_w
                0x20000368                pid_proportional_w
                0x20000370                pid_integral_w
                0x20000378                pid_derivative_w
                0x20000380                L_speed
                0x20000388                R_speed
                0x20000390                F_speed
                0x20000398                B_speed
                0x200003a0                kine_local_vx
                0x200003a8                kine_local_vy
                0x200003b0                kine_local_w
                0x200003b8                speed_1_value
                0x200003c0                speed_2_value
                0x200003c8                speed_3_value
                0x200003d0                speed_4_value
                0x200003d8                pwm_1_value
                0x200003e0                pwm_2_value
                0x200003e8                pwm_3_value
                0x200003f0                pwm_4_value
                0x200003f8                motor
                0x200003fc                aaa
                0x20000400                iii1
                0x20000404                iii2
                0x20000408                iii3
                0x2000040c                iii4
 *(COMMON)
 COMMON         0x20000410       0x62 ..\obj\uart_node.o
                0x20000410                nodey1
                0x20000414                strategy
                0x20000418                ballYCoor
                0x20000419                ballXCoor
                0x2000041a                flagX
                0x2000041b                gameState
                0x2000041c                limitSwitchKiri
                0x20000420                ballFound
                0x20000421                flag
                0x20000424                proxyDepanKanan
                0x20000428                nodex2
                0x2000042c                compassHeading
                0x20000430                nodey2
                0x20000434                robotSelect
                0x20000435                fragX
                0x20000436                compassDerajat2
                0x20000438                proxyKiri
                0x2000043c                proxyKanan
                0x20000440                prevy1
                0x20000444                prevx1
                0x20000448                compassDerajat1
                0x20000449                fragY
                0x2000044a                flagY
                0x2000044c                nodex1
                0x20000450                acceleroX
                0x20000454                proxyDepanKiri
                0x20000458                xCoor
                0x2000045c                gotoBall
                0x20000460                flagNode
                0x20000461                controlMode
                0x20000464                proxyBelakang
                0x20000468                bufferNode
                0x20000469                acceleroY
                0x2000046a                nomorRobot
                0x2000046c                limitSwitchKanan
                0x20000470                yCoor
 *fill*         0x20000472        0x2 
 COMMON         0x20000474       0x18 ..\obj\tm_stm32f4_rotary_encoder.o
                0x20000474                fifthCount
                0x20000478                sixthCount
                0x2000047c                fourthCount
                0x20000480                secondCount
                0x20000484                TM_INT_RE_Count
                0x20000488                thirdCount
 COMMON         0x2000048c        0x1 ..\obj\uart_camera.o
                0x2000048c                buffer
 *fill*         0x2000048d        0x3 
 COMMON         0x20000490       0xb8 ..\obj\speed_control.o
                0x20000490                sudut2
                0x20000498                current_w_cmps
                0x200004a0                data2
                0x200004b8                data4
                0x200004d0                xCoor2
                0x200004d4                startHeading
                0x200004d5                prevStartHeading
                0x200004d8                cosw
                0x200004dc                yCoor2
                0x200004e0                data
                0x200004f8                data3
                0x20000510                coorCount
                0x20000514                sinw
                0x20000518                data5
                0x20000530                data6
 COMMON         0x20000548       0xac ..\obj\localization.o
                0x20000548                prevErrorBallMaju
                0x2000054c                counterDelay
                0x20000550                lcd
                0x20000560                rpmKanan
                0x20000564                ballMaju
                0x20000568                errorBallMaju
                0x2000056c                mov
                0x20000570                movCompass
                0x20000574                temp
                0x20000578                tengahy
                0x2000057c                derivErrorBall
                0x20000580                lebargawang
                0x20000584                panjanggawang
                0x20000588                head
                0x2000058c                headGoal
                0x20000590                rpmKiri
                0x20000594                errorHead
                0x20000598                right_mm
                0x2000059c                errorBall
                0x200005a0                movPrev
                0x200005a4                gotoxyFlag
                0x200005a8                tengahx
                0x200005ac                movX
                0x200005b0                intErrorHead
                0x200005b4                left_mm
                0x200005b8                gotoHead
                0x200005bc                prevErrorBall
                0x200005c0                derivErrorHead
                0x200005c4                rotateCount
                0x200005c8                ball
                0x200005cc                headCount
                0x200005d0                intErrorBallMaju
                0x200005d4                prevErrorHead
                0x200005d8                derivErrorBallMaju
                0x200005dc                strategyCount
                0x200005e0                intErrorBall
                0x200005e4                prevCompass
                0x200005e8                prevGameState
                0x200005ec                movY
                0x200005f0                heading
                0x200005f4                . = ALIGN (0x4)
                0x200005f4                __bss_end__ = .
                0x200005f4                _ebss = __bss_end__

.heap           0x200005f4        0x0
                0x200005f4                __end__ = .
                0x200005f4                _end = __end__
                0x200005f4                end = __end__
 *(.heap*)
                0x200005f4                __HeapLimit = .

.co_stack       0x200005f4      0x804 load address 0x08007e7c
                0x200005f8                . = ALIGN (0x8)
 *fill*         0x200005f4        0x4 
 *(.co_stack .co_stack.*)
 .co_stack      0x200005f8      0x800 ..\obj\startup_stm32f4xx.o
                0x200005f8                pulStack
                0x20020000                __StackTop = (ORIGIN (ram) + LENGTH (ram))
                0x2001f7fc                __StackLimit = (__StackTop - SIZEOF (.co_stack))
                [!provide]                PROVIDE (__stack, __StackTop)
                0x00000001                ASSERT ((__StackLimit >= __HeapLimit), region ram  overflowed with stack)
LOAD ..\obj\uart_node.o
LOAD ..\obj\stm32f4xx_syscfg.o
LOAD ..\obj\stm32f4xx_usart.o
LOAD ..\obj\startup_stm32f4xx.o
LOAD ..\obj\pwm_motor.o
LOAD ..\obj\main.o
LOAD ..\obj\stm32f4xx_rcc.o
LOAD ..\obj\tm_stm32f4_hcsr04.o
LOAD ..\obj\printf.o
LOAD ..\obj\tm_stm32f4_rotary_encoder.o
LOAD ..\obj\odometry.o
LOAD ..\obj\tm_stm32f4_delay.o
LOAD ..\obj\stm32f4xx_gpio.o
LOAD ..\obj\mekanisme_penendang.o
LOAD ..\obj\lcd_16x2.o
LOAD ..\obj\system_stm32f4xx.o
LOAD ..\obj\syscalls.o
LOAD ..\obj\uart_camera.o
LOAD ..\obj\stm32f4xx_i2c.o
LOAD ..\obj\speed_control.o
LOAD ..\obj\stm32f4xx_exti.o
LOAD ..\obj\misc.o
LOAD ..\obj\tm_stm32f4_gpio.o
LOAD ..\obj\localization.o
LOAD ..\obj\stm32f4xx_tim.o
LOAD c:/program files (x86)/gnu tools arm embedded/6 2017-q2-update/bin/../lib/gcc/arm-none-eabi/6.3.1/../../../../arm-none-eabi/lib/thumb/v7e-m\libm.a
START GROUP
LOAD c:/program files (x86)/gnu tools arm embedded/6 2017-q2-update/bin/../lib/gcc/arm-none-eabi/6.3.1/thumb/v7e-m\libgcc.a
LOAD c:/program files (x86)/gnu tools arm embedded/6 2017-q2-update/bin/../lib/gcc/arm-none-eabi/6.3.1/../../../../arm-none-eabi/lib/thumb/v7e-m\libg.a
LOAD c:/program files (x86)/gnu tools arm embedded/6 2017-q2-update/bin/../lib/gcc/arm-none-eabi/6.3.1/../../../../arm-none-eabi/lib/thumb/v7e-m\libc.a
END GROUP
OUTPUT(encoder.elf elf32-littlearm)

.debug_info     0x00000000     0xecbf
 .debug_info    0x00000000     0x12e2 ..\obj\uart_node.o
 .debug_info    0x000012e2      0x27f ..\obj\stm32f4xx_syscfg.o
 .debug_info    0x00001561      0x9d1 ..\obj\stm32f4xx_usart.o
 .debug_info    0x00001f32      0x10f ..\obj\startup_stm32f4xx.o
 .debug_info    0x00002041     0x1112 ..\obj\pwm_motor.o
 .debug_info    0x00003153      0xcb1 ..\obj\main.o
 .debug_info    0x00003e04      0xc6e ..\obj\stm32f4xx_rcc.o
 .debug_info    0x00004a72      0xe67 ..\obj\printf.o
 .debug_info    0x000058d9      0xc02 ..\obj\tm_stm32f4_rotary_encoder.o
 .debug_info    0x000064db      0x7b8 ..\obj\tm_stm32f4_delay.o
 .debug_info    0x00006c93      0x64a ..\obj\stm32f4xx_gpio.o
 .debug_info    0x000072dd      0x3b5 ..\obj\mekanisme_penendang.o
 .debug_info    0x00007692      0x59e ..\obj\lcd_16x2.o
 .debug_info    0x00007c30      0x5cc ..\obj\system_stm32f4xx.o
 .debug_info    0x000081fc      0x90f ..\obj\uart_camera.o
 .debug_info    0x00008b0b     0x1f52 ..\obj\speed_control.o
 .debug_info    0x0000aa5d      0x362 ..\obj\stm32f4xx_exti.o
 .debug_info    0x0000adbf      0x549 ..\obj\misc.o
 .debug_info    0x0000b308     0x1d47 ..\obj\localization.o
 .debug_info    0x0000d04f     0x1c70 ..\obj\stm32f4xx_tim.o

.debug_abbrev   0x00000000     0x2753
 .debug_abbrev  0x00000000      0x284 ..\obj\uart_node.o
 .debug_abbrev  0x00000284      0x144 ..\obj\stm32f4xx_syscfg.o
 .debug_abbrev  0x000003c8      0x180 ..\obj\stm32f4xx_usart.o
 .debug_abbrev  0x00000548       0xbf ..\obj\startup_stm32f4xx.o
 .debug_abbrev  0x00000607      0x27d ..\obj\pwm_motor.o
 .debug_abbrev  0x00000884      0x227 ..\obj\main.o
 .debug_abbrev  0x00000aab      0x1f6 ..\obj\stm32f4xx_rcc.o
 .debug_abbrev  0x00000ca1      0x28e ..\obj\printf.o
 .debug_abbrev  0x00000f2f      0x1fa ..\obj\tm_stm32f4_rotary_encoder.o
 .debug_abbrev  0x00001129      0x1d8 ..\obj\tm_stm32f4_delay.o
 .debug_abbrev  0x00001301      0x1e1 ..\obj\stm32f4xx_gpio.o
 .debug_abbrev  0x000014e2      0x167 ..\obj\mekanisme_penendang.o
 .debug_abbrev  0x00001649      0x1e6 ..\obj\lcd_16x2.o
 .debug_abbrev  0x0000182f      0x156 ..\obj\system_stm32f4xx.o
 .debug_abbrev  0x00001985      0x190 ..\obj\uart_camera.o
 .debug_abbrev  0x00001b15      0x393 ..\obj\speed_control.o
 .debug_abbrev  0x00001ea8      0x1ba ..\obj\stm32f4xx_exti.o
 .debug_abbrev  0x00002062      0x170 ..\obj\misc.o
 .debug_abbrev  0x000021d2      0x3e9 ..\obj\localization.o
 .debug_abbrev  0x000025bb      0x198 ..\obj\stm32f4xx_tim.o

.debug_aranges  0x00000000      0xce0
 .debug_aranges
                0x00000000       0x40 ..\obj\uart_node.o
 .debug_aranges
                0x00000040       0x48 ..\obj\stm32f4xx_syscfg.o
 .debug_aranges
                0x00000088      0x100 ..\obj\stm32f4xx_usart.o
 .debug_aranges
                0x00000188       0x28 ..\obj\startup_stm32f4xx.o
 .debug_aranges
                0x000001b0       0x40 ..\obj\pwm_motor.o
 .debug_aranges
                0x000001f0       0x20 ..\obj\main.o
 .debug_aranges
                0x00000210      0x178 ..\obj\stm32f4xx_rcc.o
 .debug_aranges
                0x00000388       0xa0 ..\obj\printf.o
 .debug_aranges
                0x00000428       0xd8 ..\obj\tm_stm32f4_rotary_encoder.o
 .debug_aranges
                0x00000500       0x78 ..\obj\tm_stm32f4_delay.o
 .debug_aranges
                0x00000578       0x90 ..\obj\stm32f4xx_gpio.o
 .debug_aranges
                0x00000608       0x68 ..\obj\mekanisme_penendang.o
 .debug_aranges
                0x00000670       0x80 ..\obj\lcd_16x2.o
 .debug_aranges
                0x000006f0       0x30 ..\obj\system_stm32f4xx.o
 .debug_aranges
                0x00000720       0x30 ..\obj\uart_camera.o
 .debug_aranges
                0x00000750      0x100 ..\obj\speed_control.o
 .debug_aranges
                0x00000850       0x58 ..\obj\stm32f4xx_exti.o
 .debug_aranges
                0x000008a8       0x40 ..\obj\misc.o
 .debug_aranges
                0x000008e8      0x100 ..\obj\localization.o
 .debug_aranges
                0x000009e8      0x2f8 ..\obj\stm32f4xx_tim.o

.debug_ranges   0x00000000      0xba0
 .debug_ranges  0x00000000       0x30 ..\obj\uart_node.o
 .debug_ranges  0x00000030       0x38 ..\obj\stm32f4xx_syscfg.o
 .debug_ranges  0x00000068       0xf0 ..\obj\stm32f4xx_usart.o
 .debug_ranges  0x00000158       0x18 ..\obj\startup_stm32f4xx.o
 .debug_ranges  0x00000170       0x30 ..\obj\pwm_motor.o
 .debug_ranges  0x000001a0       0x10 ..\obj\main.o
 .debug_ranges  0x000001b0      0x168 ..\obj\stm32f4xx_rcc.o
 .debug_ranges  0x00000318       0x90 ..\obj\printf.o
 .debug_ranges  0x000003a8       0xc8 ..\obj\tm_stm32f4_rotary_encoder.o
 .debug_ranges  0x00000470       0x68 ..\obj\tm_stm32f4_delay.o
 .debug_ranges  0x000004d8       0x80 ..\obj\stm32f4xx_gpio.o
 .debug_ranges  0x00000558       0x58 ..\obj\mekanisme_penendang.o
 .debug_ranges  0x000005b0       0x70 ..\obj\lcd_16x2.o
 .debug_ranges  0x00000620       0x20 ..\obj\system_stm32f4xx.o
 .debug_ranges  0x00000640       0x20 ..\obj\uart_camera.o
 .debug_ranges  0x00000660       0xf0 ..\obj\speed_control.o
 .debug_ranges  0x00000750       0x48 ..\obj\stm32f4xx_exti.o
 .debug_ranges  0x00000798       0x30 ..\obj\misc.o
 .debug_ranges  0x000007c8       0xf0 ..\obj\localization.o
 .debug_ranges  0x000008b8      0x2e8 ..\obj\stm32f4xx_tim.o

.debug_line     0x00000000     0x6040
 .debug_line    0x00000000      0x4ab ..\obj\uart_node.o
 .debug_line    0x000004ab      0x28f ..\obj\stm32f4xx_syscfg.o
 .debug_line    0x0000073a      0x553 ..\obj\stm32f4xx_usart.o
 .debug_line    0x00000c8d       0xb8 ..\obj\startup_stm32f4xx.o
 .debug_line    0x00000d45      0x484 ..\obj\pwm_motor.o
 .debug_line    0x000011c9      0x3b7 ..\obj\main.o
 .debug_line    0x00001580      0x63f ..\obj\stm32f4xx_rcc.o
 .debug_line    0x00001bbf      0x39e ..\obj\printf.o
 .debug_line    0x00001f5d      0x574 ..\obj\tm_stm32f4_rotary_encoder.o
 .debug_line    0x000024d1      0x3a1 ..\obj\tm_stm32f4_delay.o
 .debug_line    0x00002872      0x40e ..\obj\stm32f4xx_gpio.o
 .debug_line    0x00002c80      0x37c ..\obj\mekanisme_penendang.o
 .debug_line    0x00002ffc      0x4b4 ..\obj\lcd_16x2.o
 .debug_line    0x000034b0      0x28e ..\obj\system_stm32f4xx.o
 .debug_line    0x0000373e      0x3ae ..\obj\uart_camera.o
 .debug_line    0x00003aec      0x803 ..\obj\speed_control.o
 .debug_line    0x000042ef      0x33b ..\obj\stm32f4xx_exti.o
 .debug_line    0x0000462a      0x2d8 ..\obj\misc.o
 .debug_line    0x00004902      0xbe3 ..\obj\localization.o
 .debug_line    0x000054e5      0xb5b ..\obj\stm32f4xx_tim.o

.debug_str      0x00000000     0x45b9
 .debug_str     0x00000000     0x107b ..\obj\uart_node.o
                               0x112a (size before relaxing)
 .debug_str     0x0000107b      0x18c ..\obj\stm32f4xx_syscfg.o
                                0x31a (size before relaxing)
 .debug_str     0x00001207      0x420 ..\obj\stm32f4xx_usart.o
                                0x6b5 (size before relaxing)
 .debug_str     0x00001627       0xd8 ..\obj\startup_stm32f4xx.o
                                0x16f (size before relaxing)
 .debug_str     0x000016ff      0x258 ..\obj\pwm_motor.o
                                0xc13 (size before relaxing)
 .debug_str     0x00001957       0xa1 ..\obj\main.o
                                0x888 (size before relaxing)
 .debug_str     0x000019f8      0x5f9 ..\obj\stm32f4xx_rcc.o
                                0x876 (size before relaxing)
 .debug_str     0x00001ff1      0x129 ..\obj\printf.o
                                0x6b3 (size before relaxing)
 .debug_str     0x0000211a      0x3c1 ..\obj\tm_stm32f4_rotary_encoder.o
                                0xc6c (size before relaxing)
 .debug_str     0x000024db      0x1e9 ..\obj\tm_stm32f4_delay.o
                                0x8aa (size before relaxing)
 .debug_str     0x000026c4      0x1a3 ..\obj\stm32f4xx_gpio.o
                                0x4c9 (size before relaxing)
 .debug_str     0x00002867       0xe8 ..\obj\mekanisme_penendang.o
                                0x41a (size before relaxing)
 .debug_str     0x0000294f      0x1e7 ..\obj\lcd_16x2.o
                                0x526 (size before relaxing)
 .debug_str     0x00002b36       0xbf ..\obj\system_stm32f4xx.o
                                0x3b5 (size before relaxing)
 .debug_str     0x00002bf5       0xa7 ..\obj\uart_camera.o
                                0xb1a (size before relaxing)
 .debug_str     0x00002c9c      0x834 ..\obj\speed_control.o
                               0x187a (size before relaxing)
 .debug_str     0x000034d0      0x113 ..\obj\stm32f4xx_exti.o
                                0x37f (size before relaxing)
 .debug_str     0x000035e3      0x119 ..\obj\misc.o
                                0x3f4 (size before relaxing)
 .debug_str     0x000036fc      0x4a9 ..\obj\localization.o
                               0x15dc (size before relaxing)
 .debug_str     0x00003ba5      0xa14 ..\obj\stm32f4xx_tim.o
                                0xdf6 (size before relaxing)

.comment        0x00000000       0x7f
 .comment       0x00000000       0x7f ..\obj\uart_node.o
                                 0x80 (size before relaxing)
 .comment       0x0000007f       0x80 ..\obj\stm32f4xx_syscfg.o
 .comment       0x0000007f       0x80 ..\obj\stm32f4xx_usart.o
 .comment       0x0000007f       0x80 ..\obj\startup_stm32f4xx.o
 .comment       0x0000007f       0x80 ..\obj\pwm_motor.o
 .comment       0x0000007f       0x80 ..\obj\main.o
 .comment       0x0000007f       0x80 ..\obj\stm32f4xx_rcc.o
 .comment       0x0000007f       0x80 ..\obj\printf.o
 .comment       0x0000007f       0x80 ..\obj\tm_stm32f4_rotary_encoder.o
 .comment       0x0000007f       0x80 ..\obj\tm_stm32f4_delay.o
 .comment       0x0000007f       0x80 ..\obj\stm32f4xx_gpio.o
 .comment       0x0000007f       0x80 ..\obj\mekanisme_penendang.o
 .comment       0x0000007f       0x80 ..\obj\lcd_16x2.o
 .comment       0x0000007f       0x80 ..\obj\system_stm32f4xx.o
 .comment       0x0000007f       0x80 ..\obj\uart_camera.o
 .comment       0x0000007f       0x80 ..\obj\speed_control.o
 .comment       0x0000007f       0x80 ..\obj\stm32f4xx_exti.o
 .comment       0x0000007f       0x80 ..\obj\misc.o
 .comment       0x0000007f       0x80 ..\obj\localization.o
 .comment       0x0000007f       0x80 ..\obj\stm32f4xx_tim.o

.ARM.attributes
                0x00000000       0x33
 .ARM.attributes
                0x00000000       0x33 ..\obj\uart_node.o
 .ARM.attributes
                0x00000033       0x33 ..\obj\stm32f4xx_syscfg.o
 .ARM.attributes
                0x00000066       0x33 ..\obj\stm32f4xx_usart.o
 .ARM.attributes
                0x00000099       0x33 ..\obj\startup_stm32f4xx.o
 .ARM.attributes
                0x000000cc       0x33 ..\obj\pwm_motor.o
 .ARM.attributes
                0x000000ff       0x33 ..\obj\main.o
 .ARM.attributes
                0x00000132       0x33 ..\obj\stm32f4xx_rcc.o
 .ARM.attributes
                0x00000165       0x33 ..\obj\printf.o
 .ARM.attributes
                0x00000198       0x33 ..\obj\tm_stm32f4_rotary_encoder.o
 .ARM.attributes
                0x000001cb       0x33 ..\obj\tm_stm32f4_delay.o
 .ARM.attributes
                0x000001fe       0x33 ..\obj\stm32f4xx_gpio.o
 .ARM.attributes
                0x00000231       0x33 ..\obj\mekanisme_penendang.o
 .ARM.attributes
                0x00000264       0x33 ..\obj\lcd_16x2.o
 .ARM.attributes
                0x00000297       0x33 ..\obj\system_stm32f4xx.o
 .ARM.attributes
                0x000002ca       0x33 ..\obj\uart_camera.o
 .ARM.attributes
                0x000002fd       0x33 ..\obj\speed_control.o
 .ARM.attributes
                0x00000330       0x33 ..\obj\stm32f4xx_exti.o
 .ARM.attributes
                0x00000363       0x33 ..\obj\misc.o
 .ARM.attributes
                0x00000396       0x33 ..\obj\localization.o
 .ARM.attributes
                0x000003c9       0x33 ..\obj\stm32f4xx_tim.o
 .ARM.attributes
                0x000003fc       0x2e c:/program files (x86)/gnu tools arm embedded/6 2017-q2-update/bin/../lib/gcc/arm-none-eabi/6.3.1/../../../../arm-none-eabi/lib/thumb/v7e-m\libm.a(lib_a-s_cos.o)
 .ARM.attributes
                0x0000042a       0x2e c:/program files (x86)/gnu tools arm embedded/6 2017-q2-update/bin/../lib/gcc/arm-none-eabi/6.3.1/../../../../arm-none-eabi/lib/thumb/v7e-m\libm.a(lib_a-s_sin.o)
 .ARM.attributes
                0x00000458       0x2e c:/program files (x86)/gnu tools arm embedded/6 2017-q2-update/bin/../lib/gcc/arm-none-eabi/6.3.1/../../../../arm-none-eabi/lib/thumb/v7e-m\libm.a(lib_a-w_atan2.o)
 .ARM.attributes
                0x00000486       0x2e c:/program files (x86)/gnu tools arm embedded/6 2017-q2-update/bin/../lib/gcc/arm-none-eabi/6.3.1/../../../../arm-none-eabi/lib/thumb/v7e-m\libm.a(lib_a-e_atan2.o)
 .ARM.attributes
                0x000004b4       0x2e c:/program files (x86)/gnu tools arm embedded/6 2017-q2-update/bin/../lib/gcc/arm-none-eabi/6.3.1/../../../../arm-none-eabi/lib/thumb/v7e-m\libm.a(lib_a-e_rem_pio2.o)
 .ARM.attributes
                0x000004e2       0x2e c:/program files (x86)/gnu tools arm embedded/6 2017-q2-update/bin/../lib/gcc/arm-none-eabi/6.3.1/../../../../arm-none-eabi/lib/thumb/v7e-m\libm.a(lib_a-k_cos.o)
 .ARM.attributes
                0x00000510       0x2e c:/program files (x86)/gnu tools arm embedded/6 2017-q2-update/bin/../lib/gcc/arm-none-eabi/6.3.1/../../../../arm-none-eabi/lib/thumb/v7e-m\libm.a(lib_a-k_rem_pio2.o)
 .ARM.attributes
                0x0000053e       0x2e c:/program files (x86)/gnu tools arm embedded/6 2017-q2-update/bin/../lib/gcc/arm-none-eabi/6.3.1/../../../../arm-none-eabi/lib/thumb/v7e-m\libm.a(lib_a-k_sin.o)
 .ARM.attributes
                0x0000056c       0x2e c:/program files (x86)/gnu tools arm embedded/6 2017-q2-update/bin/../lib/gcc/arm-none-eabi/6.3.1/../../../../arm-none-eabi/lib/thumb/v7e-m\libm.a(lib_a-s_atan.o)
 .ARM.attributes
                0x0000059a       0x2e c:/program files (x86)/gnu tools arm embedded/6 2017-q2-update/bin/../lib/gcc/arm-none-eabi/6.3.1/../../../../arm-none-eabi/lib/thumb/v7e-m\libm.a(lib_a-s_fabs.o)
 .ARM.attributes
                0x000005c8       0x2e c:/program files (x86)/gnu tools arm embedded/6 2017-q2-update/bin/../lib/gcc/arm-none-eabi/6.3.1/../../../../arm-none-eabi/lib/thumb/v7e-m\libm.a(lib_a-s_floor.o)
 .ARM.attributes
                0x000005f6       0x2e c:/program files (x86)/gnu tools arm embedded/6 2017-q2-update/bin/../lib/gcc/arm-none-eabi/6.3.1/../../../../arm-none-eabi/lib/thumb/v7e-m\libm.a(lib_a-s_scalbn.o)
 .ARM.attributes
                0x00000624       0x2e c:/program files (x86)/gnu tools arm embedded/6 2017-q2-update/bin/../lib/gcc/arm-none-eabi/6.3.1/../../../../arm-none-eabi/lib/thumb/v7e-m\libm.a(lib_a-s_copysign.o)
 .ARM.attributes
                0x00000652       0x1e c:/program files (x86)/gnu tools arm embedded/6 2017-q2-update/bin/../lib/gcc/arm-none-eabi/6.3.1/thumb/v7e-m\libgcc.a(_arm_addsubdf3.o)
 .ARM.attributes
                0x00000670       0x1e c:/program files (x86)/gnu tools arm embedded/6 2017-q2-update/bin/../lib/gcc/arm-none-eabi/6.3.1/thumb/v7e-m\libgcc.a(_arm_muldivdf3.o)
 .ARM.attributes
                0x0000068e       0x1e c:/program files (x86)/gnu tools arm embedded/6 2017-q2-update/bin/../lib/gcc/arm-none-eabi/6.3.1/thumb/v7e-m\libgcc.a(_arm_cmpdf2.o)
 .ARM.attributes
                0x000006ac       0x1e c:/program files (x86)/gnu tools arm embedded/6 2017-q2-update/bin/../lib/gcc/arm-none-eabi/6.3.1/thumb/v7e-m\libgcc.a(_arm_fixdfsi.o)
 .ARM.attributes
                0x000006ca       0x1e c:/program files (x86)/gnu tools arm embedded/6 2017-q2-update/bin/../lib/gcc/arm-none-eabi/6.3.1/thumb/v7e-m\libgcc.a(_arm_fixunsdfsi.o)
 .ARM.attributes
                0x000006e8       0x1e c:/program files (x86)/gnu tools arm embedded/6 2017-q2-update/bin/../lib/gcc/arm-none-eabi/6.3.1/thumb/v7e-m\libgcc.a(_arm_addsubsf3.o)
 .ARM.attributes
                0x00000706       0x1e c:/program files (x86)/gnu tools arm embedded/6 2017-q2-update/bin/../lib/gcc/arm-none-eabi/6.3.1/thumb/v7e-m\libgcc.a(_arm_muldivsf3.o)
 .ARM.attributes
                0x00000724       0x1e c:/program files (x86)/gnu tools arm embedded/6 2017-q2-update/bin/../lib/gcc/arm-none-eabi/6.3.1/thumb/v7e-m\libgcc.a(_arm_cmpsf2.o)

.debug_frame    0x00000000     0x3b90
 .debug_frame   0x00000000       0xa8 ..\obj\uart_node.o
 .debug_frame   0x000000a8       0xf4 ..\obj\stm32f4xx_syscfg.o
 .debug_frame   0x0000019c      0x490 ..\obj\stm32f4xx_usart.o
 .debug_frame   0x0000062c       0x4c ..\obj\startup_stm32f4xx.o
 .debug_frame   0x00000678       0xc8 ..\obj\pwm_motor.o
 .debug_frame   0x00000740       0x2c ..\obj\main.o
 .debug_frame   0x0000076c      0x6d4 ..\obj\stm32f4xx_rcc.o
 .debug_frame   0x00000e40      0x2dc ..\obj\printf.o
 .debug_frame   0x0000111c      0x370 ..\obj\tm_stm32f4_rotary_encoder.o
 .debug_frame   0x0000148c      0x1b8 ..\obj\tm_stm32f4_delay.o
 .debug_frame   0x00001644      0x264 ..\obj\stm32f4xx_gpio.o
 .debug_frame   0x000018a8      0x140 ..\obj\mekanisme_penendang.o
 .debug_frame   0x000019e8      0x1d0 ..\obj\lcd_16x2.o
 .debug_frame   0x00001bb8       0x7c ..\obj\system_stm32f4xx.o
 .debug_frame   0x00001c34       0x74 ..\obj\uart_camera.o
 .debug_frame   0x00001ca8      0x438 ..\obj\speed_control.o
 .debug_frame   0x000020e0      0x148 ..\obj\stm32f4xx_exti.o
 .debug_frame   0x00002228       0xd8 ..\obj\misc.o
 .debug_frame   0x00002300      0x408 ..\obj\localization.o
 .debug_frame   0x00002708      0xe54 ..\obj\stm32f4xx_tim.o
 .debug_frame   0x0000355c       0x38 c:/program files (x86)/gnu tools arm embedded/6 2017-q2-update/bin/../lib/gcc/arm-none-eabi/6.3.1/../../../../arm-none-eabi/lib/thumb/v7e-m\libm.a(lib_a-s_cos.o)
 .debug_frame   0x00003594       0x38 c:/program files (x86)/gnu tools arm embedded/6 2017-q2-update/bin/../lib/gcc/arm-none-eabi/6.3.1/../../../../arm-none-eabi/lib/thumb/v7e-m\libm.a(lib_a-s_sin.o)
 .debug_frame   0x000035cc       0x20 c:/program files (x86)/gnu tools arm embedded/6 2017-q2-update/bin/../lib/gcc/arm-none-eabi/6.3.1/../../../../arm-none-eabi/lib/thumb/v7e-m\libm.a(lib_a-w_atan2.o)
 .debug_frame   0x000035ec       0x48 c:/program files (x86)/gnu tools arm embedded/6 2017-q2-update/bin/../lib/gcc/arm-none-eabi/6.3.1/../../../../arm-none-eabi/lib/thumb/v7e-m\libm.a(lib_a-e_atan2.o)
 .debug_frame   0x00003634       0x48 c:/program files (x86)/gnu tools arm embedded/6 2017-q2-update/bin/../lib/gcc/arm-none-eabi/6.3.1/../../../../arm-none-eabi/lib/thumb/v7e-m\libm.a(lib_a-e_rem_pio2.o)
 .debug_frame   0x0000367c       0x4c c:/program files (x86)/gnu tools arm embedded/6 2017-q2-update/bin/../lib/gcc/arm-none-eabi/6.3.1/../../../../arm-none-eabi/lib/thumb/v7e-m\libm.a(lib_a-k_cos.o)
 .debug_frame   0x000036c8       0x50 c:/program files (x86)/gnu tools arm embedded/6 2017-q2-update/bin/../lib/gcc/arm-none-eabi/6.3.1/../../../../arm-none-eabi/lib/thumb/v7e-m\libm.a(lib_a-k_rem_pio2.o)
 .debug_frame   0x00003718       0x48 c:/program files (x86)/gnu tools arm embedded/6 2017-q2-update/bin/../lib/gcc/arm-none-eabi/6.3.1/../../../../arm-none-eabi/lib/thumb/v7e-m\libm.a(lib_a-k_sin.o)
 .debug_frame   0x00003760       0x38 c:/program files (x86)/gnu tools arm embedded/6 2017-q2-update/bin/../lib/gcc/arm-none-eabi/6.3.1/../../../../arm-none-eabi/lib/thumb/v7e-m\libm.a(lib_a-s_atan.o)
 .debug_frame   0x00003798       0x20 c:/program files (x86)/gnu tools arm embedded/6 2017-q2-update/bin/../lib/gcc/arm-none-eabi/6.3.1/../../../../arm-none-eabi/lib/thumb/v7e-m\libm.a(lib_a-s_fabs.o)
 .debug_frame   0x000037b8       0x34 c:/program files (x86)/gnu tools arm embedded/6 2017-q2-update/bin/../lib/gcc/arm-none-eabi/6.3.1/../../../../arm-none-eabi/lib/thumb/v7e-m\libm.a(lib_a-s_floor.o)
 .debug_frame   0x000037ec       0x30 c:/program files (x86)/gnu tools arm embedded/6 2017-q2-update/bin/../lib/gcc/arm-none-eabi/6.3.1/../../../../arm-none-eabi/lib/thumb/v7e-m\libm.a(lib_a-s_scalbn.o)
 .debug_frame   0x0000381c       0x20 c:/program files (x86)/gnu tools arm embedded/6 2017-q2-update/bin/../lib/gcc/arm-none-eabi/6.3.1/../../../../arm-none-eabi/lib/thumb/v7e-m\libm.a(lib_a-s_copysign.o)
 .debug_frame   0x0000383c       0xac c:/program files (x86)/gnu tools arm embedded/6 2017-q2-update/bin/../lib/gcc/arm-none-eabi/6.3.1/thumb/v7e-m\libgcc.a(_arm_addsubdf3.o)
 .debug_frame   0x000038e8       0x50 c:/program files (x86)/gnu tools arm embedded/6 2017-q2-update/bin/../lib/gcc/arm-none-eabi/6.3.1/thumb/v7e-m\libgcc.a(_arm_muldivdf3.o)
 .debug_frame   0x00003938       0xc4 c:/program files (x86)/gnu tools arm embedded/6 2017-q2-update/bin/../lib/gcc/arm-none-eabi/6.3.1/thumb/v7e-m\libgcc.a(_arm_cmpdf2.o)
 .debug_frame   0x000039fc       0x24 c:/program files (x86)/gnu tools arm embedded/6 2017-q2-update/bin/../lib/gcc/arm-none-eabi/6.3.1/thumb/v7e-m\libgcc.a(_arm_fixdfsi.o)
 .debug_frame   0x00003a20       0x24 c:/program files (x86)/gnu tools arm embedded/6 2017-q2-update/bin/../lib/gcc/arm-none-eabi/6.3.1/thumb/v7e-m\libgcc.a(_arm_fixunsdfsi.o)
 .debug_frame   0x00003a44       0x4c c:/program files (x86)/gnu tools arm embedded/6 2017-q2-update/bin/../lib/gcc/arm-none-eabi/6.3.1/thumb/v7e-m\libgcc.a(_arm_addsubsf3.o)
 .debug_frame   0x00003a90       0x38 c:/program files (x86)/gnu tools arm embedded/6 2017-q2-update/bin/../lib/gcc/arm-none-eabi/6.3.1/thumb/v7e-m\libgcc.a(_arm_muldivsf3.o)
 .debug_frame   0x00003ac8       0xc8 c:/program files (x86)/gnu tools arm embedded/6 2017-q2-update/bin/../lib/gcc/arm-none-eabi/6.3.1/thumb/v7e-m\libgcc.a(_arm_cmpsf2.o)
